Archive member included to satisfy reference by file (symbol)

C:/Users/pc/Documents/STM32CubeIDE_1.19.0/STM32CubeIDE/plugins/com.st.stm32cube.ide.mcu.externaltools.gnu-tools-for-stm32.13.3.rel1.win32_1.0.0.202411081344/tools/bin/../lib/gcc/arm-none-eabi/13.3.1/../../../../arm-none-eabi/lib/thumb/v7e-m+fp/hard\libc_nano.a(libc_a-exit.o)
                              C:/Users/pc/Documents/STM32CubeIDE_1.19.0/STM32CubeIDE/plugins/com.st.stm32cube.ide.mcu.externaltools.gnu-tools-for-stm32.13.3.rel1.win32_1.0.0.202411081344/tools/bin/../lib/gcc/arm-none-eabi/13.3.1/../../../../arm-none-eabi/lib/thumb/v7e-m+fp/hard/crt0.o (exit)
C:/Users/pc/Documents/STM32CubeIDE_1.19.0/STM32CubeIDE/plugins/com.st.stm32cube.ide.mcu.externaltools.gnu-tools-for-stm32.13.3.rel1.win32_1.0.0.202411081344/tools/bin/../lib/gcc/arm-none-eabi/13.3.1/../../../../arm-none-eabi/lib/thumb/v7e-m+fp/hard\libc_nano.a(libc_a-findfp.o)
                              C:/Users/pc/Documents/STM32CubeIDE_1.19.0/STM32CubeIDE/plugins/com.st.stm32cube.ide.mcu.externaltools.gnu-tools-for-stm32.13.3.rel1.win32_1.0.0.202411081344/tools/bin/../lib/gcc/arm-none-eabi/13.3.1/../../../../arm-none-eabi/lib/thumb/v7e-m+fp/hard\libc_nano.a(libc_a-exit.o) (__stdio_exit_handler)
C:/Users/pc/Documents/STM32CubeIDE_1.19.0/STM32CubeIDE/plugins/com.st.stm32cube.ide.mcu.externaltools.gnu-tools-for-stm32.13.3.rel1.win32_1.0.0.202411081344/tools/bin/../lib/gcc/arm-none-eabi/13.3.1/../../../../arm-none-eabi/lib/thumb/v7e-m+fp/hard\libc_nano.a(libc_a-fwalk.o)
                              C:/Users/pc/Documents/STM32CubeIDE_1.19.0/STM32CubeIDE/plugins/com.st.stm32cube.ide.mcu.externaltools.gnu-tools-for-stm32.13.3.rel1.win32_1.0.0.202411081344/tools/bin/../lib/gcc/arm-none-eabi/13.3.1/../../../../arm-none-eabi/lib/thumb/v7e-m+fp/hard\libc_nano.a(libc_a-findfp.o) (_fwalk_sglue)
C:/Users/pc/Documents/STM32CubeIDE_1.19.0/STM32CubeIDE/plugins/com.st.stm32cube.ide.mcu.externaltools.gnu-tools-for-stm32.13.3.rel1.win32_1.0.0.202411081344/tools/bin/../lib/gcc/arm-none-eabi/13.3.1/../../../../arm-none-eabi/lib/thumb/v7e-m+fp/hard\libc_nano.a(libc_a-sprintf.o)
                              ./Core/Src/main.o (sprintf)
C:/Users/pc/Documents/STM32CubeIDE_1.19.0/STM32CubeIDE/plugins/com.st.stm32cube.ide.mcu.externaltools.gnu-tools-for-stm32.13.3.rel1.win32_1.0.0.202411081344/tools/bin/../lib/gcc/arm-none-eabi/13.3.1/../../../../arm-none-eabi/lib/thumb/v7e-m+fp/hard\libc_nano.a(libc_a-stdio.o)
                              C:/Users/pc/Documents/STM32CubeIDE_1.19.0/STM32CubeIDE/plugins/com.st.stm32cube.ide.mcu.externaltools.gnu-tools-for-stm32.13.3.rel1.win32_1.0.0.202411081344/tools/bin/../lib/gcc/arm-none-eabi/13.3.1/../../../../arm-none-eabi/lib/thumb/v7e-m+fp/hard\libc_nano.a(libc_a-findfp.o) (__sread)
C:/Users/pc/Documents/STM32CubeIDE_1.19.0/STM32CubeIDE/plugins/com.st.stm32cube.ide.mcu.externaltools.gnu-tools-for-stm32.13.3.rel1.win32_1.0.0.202411081344/tools/bin/../lib/gcc/arm-none-eabi/13.3.1/../../../../arm-none-eabi/lib/thumb/v7e-m+fp/hard\libc_nano.a(libc_a-memset.o)
                              C:/Users/pc/Documents/STM32CubeIDE_1.19.0/STM32CubeIDE/plugins/com.st.stm32cube.ide.mcu.externaltools.gnu-tools-for-stm32.13.3.rel1.win32_1.0.0.202411081344/tools/bin/../lib/gcc/arm-none-eabi/13.3.1/../../../../arm-none-eabi/lib/thumb/v7e-m+fp/hard/crt0.o (memset)
C:/Users/pc/Documents/STM32CubeIDE_1.19.0/STM32CubeIDE/plugins/com.st.stm32cube.ide.mcu.externaltools.gnu-tools-for-stm32.13.3.rel1.win32_1.0.0.202411081344/tools/bin/../lib/gcc/arm-none-eabi/13.3.1/../../../../arm-none-eabi/lib/thumb/v7e-m+fp/hard\libc_nano.a(libc_a-closer.o)
                              C:/Users/pc/Documents/STM32CubeIDE_1.19.0/STM32CubeIDE/plugins/com.st.stm32cube.ide.mcu.externaltools.gnu-tools-for-stm32.13.3.rel1.win32_1.0.0.202411081344/tools/bin/../lib/gcc/arm-none-eabi/13.3.1/../../../../arm-none-eabi/lib/thumb/v7e-m+fp/hard\libc_nano.a(libc_a-stdio.o) (_close_r)
C:/Users/pc/Documents/STM32CubeIDE_1.19.0/STM32CubeIDE/plugins/com.st.stm32cube.ide.mcu.externaltools.gnu-tools-for-stm32.13.3.rel1.win32_1.0.0.202411081344/tools/bin/../lib/gcc/arm-none-eabi/13.3.1/../../../../arm-none-eabi/lib/thumb/v7e-m+fp/hard\libc_nano.a(libc_a-reent.o)
                              C:/Users/pc/Documents/STM32CubeIDE_1.19.0/STM32CubeIDE/plugins/com.st.stm32cube.ide.mcu.externaltools.gnu-tools-for-stm32.13.3.rel1.win32_1.0.0.202411081344/tools/bin/../lib/gcc/arm-none-eabi/13.3.1/../../../../arm-none-eabi/lib/thumb/v7e-m+fp/hard\libc_nano.a(libc_a-closer.o) (errno)
C:/Users/pc/Documents/STM32CubeIDE_1.19.0/STM32CubeIDE/plugins/com.st.stm32cube.ide.mcu.externaltools.gnu-tools-for-stm32.13.3.rel1.win32_1.0.0.202411081344/tools/bin/../lib/gcc/arm-none-eabi/13.3.1/../../../../arm-none-eabi/lib/thumb/v7e-m+fp/hard\libc_nano.a(libc_a-impure.o)
[...]
Memory Configuration

Name             Origin             Length             Attributes
RAM              0x20000000         0x00020000         xrw
FLASH            0x08000000         0x00080000         xr
*default*        0x00000000         0xffffffff

Linker script and memory map

LOAD C:/Users/pc/Documents/STM32CubeIDE_1.19.0/STM32CubeIDE/plugins/com.st.stm32cube.ide.mcu.externaltools.gnu-tools-for-stm32.13.3.rel1.win32_1.0.0.202411081344/tools/bin/../lib/gcc/arm-none-eabi/13.3.1/thumb/v7e-m+fp/hard/crti.o
LOAD C:/Users/pc/Documents/STM32CubeIDE_1.19.0/STM32CubeIDE/plugins/com.st.stm32cube.ide.mcu.externaltools.gnu-tools-for-stm32.13.3.rel1.win32_1.0.0.202411081344/tools/bin/../lib/gcc/arm-none-eabi/13.3.1/thumb/v7e-m+fp/hard/crtbegin.o
LOAD C:/Users/pc/Documents/STM32CubeIDE_1.19.0/STM32CubeIDE/plugins/com.st.stm32cube.ide.mcu.externaltools.gnu-tools-for-stm32.13.3.rel1.win32_1.0.0.202411081344/tools/bin/../lib/gcc/arm-none-eabi/13.3.1/../../../../arm-none-eabi/lib/thumb/v7e-m+fp/hard/crt0.o
LOAD ./Core/DRIVERS_V2.0/ADC/ADC.o
LOAD ./Core/DRIVERS_V2.0/CLOCK/CLOCK.o
LOAD ./Core/DRIVERS_V2.0/DELAY/DELAY.o
LOAD ./Core/DRIVERS_V2.0/DMA/DMA.o
LOAD ./Core/DRIVERS_V2.0/EXTI/EXTI.o
LOAD ./Core/DRIVERS_V2.0/GPIO/GPIO.o
LOAD ./Core/DRIVERS_V2.0/I2C/I2C_INTERRUPT.o
LOAD ./Core/DRIVERS_V2.0/I2C/I2C_POLLING.o
LOAD ./Core/DRIVERS_V2.0/ILI9341/ILI9341_GFX.o
LOAD ./Core/DRIVERS_V2.0/ILI9341/ILI9341_STM32_Driver.o
LOAD ./Core/DRIVERS_V2.0/SPI/SPI_DMA.o
LOAD ./Core/DRIVERS_V2.0/SPI/SPI_INTERRUPT.o
LOAD ./Core/DRIVERS_V2.0/SPI/SPI_POLLING.o
LOAD ./Core/DRIVERS_V2.0/TIM/TIM.o
LOAD ./Core/DRIVERS_V2.0/TIM/TIM_IC.o
LOAD ./Core/DRIVERS_V2.0/TIM/TIM_OC.o
LOAD ./Core/DRIVERS_V2.0/UART/UART.o
LOAD ./Core/Src/main.o
LOAD ./Core/Src/stm32f4xx_hal_msp.o
LOAD ./Core/Src/stm32f4xx_it.o
LOAD ./Core/Src/syscalls.o
LOAD ./Core/Src/sysmem.o
LOAD ./Core/Src/system_stm32f4xx.o
LOAD ./Core/Startup/startup_stm32f446retx.o
LOAD ./Drivers/STM32F4xx_HAL_Driver/Src/stm32f4xx_hal.o
LOAD ./Drivers/STM32F4xx_HAL_Driver/Src/stm32f4xx_hal_cortex.o
LOAD ./Drivers/STM32F4xx_HAL_Driver/Src/stm32f4xx_hal_dma.o
LOAD ./Drivers/STM32F4xx_HAL_Driver/Src/stm32f4xx_hal_dma_ex.o
LOAD ./Drivers/STM32F4xx_HAL_Driver/Src/stm32f4xx_hal_exti.o
LOAD ./Drivers/STM32F4xx_HAL_Driver/Src/stm32f4xx_hal_flash.o
LOAD ./Drivers/STM32F4xx_HAL_Driver/Src/stm32f4xx_hal_flash_ex.o
LOAD ./Drivers/STM32F4xx_HAL_Driver/Src/stm32f4xx_hal_flash_ramfunc.o
LOAD ./Drivers/STM32F4xx_HAL_Driver/Src/stm32f4xx_hal_gpio.o
LOAD ./Drivers/STM32F4xx_HAL_Driver/Src/stm32f4xx_hal_pwr.o
LOAD ./Drivers/STM32F4xx_HAL_Driver/Src/stm32f4xx_hal_pwr_ex.o
LOAD ./Drivers/STM32F4xx_HAL_Driver/Src/stm32f4xx_hal_rcc.o
LOAD ./Drivers/STM32F4xx_HAL_Driver/Src/stm32f4xx_hal_rcc_ex.o
START GROUP
LOAD C:/Users/pc/Documents/STM32CubeIDE_1.19.0/STM32CubeIDE/plugins/com.st.stm32cube.ide.mcu.externaltools.gnu-tools-for-stm32.13.3.rel1.win32_1.0.0.202411081344/tools/bin/../lib/gcc/arm-none-eabi/13.3.1/../../../../arm-none-eabi/lib/thumb/v7e-m+fp/hard\libc_nano.a
LOAD C:/Users/pc/Documents/STM32CubeIDE_1.19.0/STM32CubeIDE/plugins/com.st.stm32cube.ide.mcu.externaltools.gnu-tools-for-stm32.13.3.rel1.win32_1.0.0.202411081344/tools/bin/../lib/gcc/arm-none-eabi/13.3.1/../../../../arm-none-eabi/lib/thumb/v7e-m+fp/hard\libm.a
END GROUP
START GROUP
LOAD C:/Users/pc/Documents/STM32CubeIDE_1.19.0/STM32CubeIDE/plugins/com.st.stm32cube.ide.mcu.externaltools.gnu-tools-for-stm32.13.3.rel1.win32_1.0.0.202411081344/tools/bin/../lib/gcc/arm-none-eabi/13.3.1/thumb/v7e-m+fp/hard\libgcc.a
LOAD C:/Users/pc/Documents/STM32CubeIDE_1.19.0/STM32CubeIDE/plugins/com.st.stm32cube.ide.mcu.externaltools.gnu-tools-for-stm32.13.3.rel1.win32_1.0.0.202411081344/tools/bin/../lib/gcc/arm-none-eabi/13.3.1/../../../../arm-none-eabi/lib/thumb/v7e-m+fp/hard\libc_nano.a
END GROUP
START GROUP
LOAD C:/Users/pc/Documents/STM32CubeIDE_1.19.0/STM32CubeIDE/plugins/com.st.stm32cube.ide.mcu.externaltools.gnu-tools-for-stm32.13.3.rel1.win32_1.0.0.202411081344/tools/bin/../lib/gcc/arm-none-eabi/13.3.1/thumb/v7e-m+fp/hard\libgcc.a
LOAD C:/Users/pc/Documents/STM32CubeIDE_1.19.0/STM32CubeIDE/plugins/com.st.stm32cube.ide.mcu.externaltools.gnu-tools-for-stm32.13.3.rel1.win32_1.0.0.202411081344/tools/bin/../lib/gcc/arm-none-eabi/13.3.1/../../../../arm-none-eabi/lib/thumb/v7e-m+fp/hard\libc_nano.a
LOAD C:/Users/pc/Documents/STM32CubeIDE_1.19.0/STM32CubeIDE/plugins/com.st.stm32cube.ide.mcu.externaltools.gnu-tools-for-stm32.13.3.rel1.win32_1.0.0.202411081344/tools/bin/../lib/gcc/arm-none-eabi/13.3.1/../../../../arm-none-eabi/lib/thumb/v7e-m+fp/hard\libnosys.a
END GROUP
START GROUP
LOAD C:/Users/pc/Documents/STM32CubeIDE_1.19.0/STM32CubeIDE/plugins/com.st.stm32cube.ide.mcu.externaltools.gnu-tools-for-stm32.13.3.rel1.win32_1.0.0.202411081344/tools/bin/../lib/gcc/arm-none-eabi/13.3.1/thumb/v7e-m+fp/hard\libgcc.a
LOAD C:/Users/pc/Documents/STM32CubeIDE_1.19.0/STM32CubeIDE/plugins/com.st.stm32cube.ide.mcu.externaltools.gnu-tools-for-stm32.13.3.rel1.win32_1.0.0.202411081344/tools/bin/../lib/gcc/arm-none-eabi/13.3.1/../../../../arm-none-eabi/lib/thumb/v7e-m+fp/hard\libc_nano.a
LOAD C:/Users/pc/Documents/STM32CubeIDE_1.19.0/STM32CubeIDE/plugins/com.st.stm32cube.ide.mcu.externaltools.gnu-tools-for-stm32.13.3.rel1.win32_1.0.0.202411081344/tools/bin/../lib/gcc/arm-none-eabi/13.3.1/../../../../arm-none-eabi/lib/thumb/v7e-m+fp/hard\libnosys.a
END GROUP
LOAD C:/Users/pc/Documents/STM32CubeIDE_1.19.0/STM32CubeIDE/plugins/com.st.stm32cube.ide.mcu.externaltools.gnu-tools-for-stm32.13.3.rel1.win32_1.0.0.202411081344/tools/bin/../lib/gcc/arm-none-eabi/13.3.1/thumb/v7e-m+fp/hard/crtend.o
LOAD C:/Users/pc/Documents/STM32CubeIDE_1.19.0/STM32CubeIDE/plugins/com.st.stm32cube.ide.mcu.externaltools.gnu-tools-for-stm32.13.3.rel1.win32_1.0.0.202411081344/tools/bin/../lib/gcc/arm-none-eabi/13.3.1/thumb/v7e-m+fp/hard/crtn.o
                0x20020000                        _estack = (ORIGIN (RAM) + LENGTH (RAM))
                0x00000200                        _Min_Heap_Size = 0x200
                0x00000400                        _Min_Stack_Size = 0x400

.isr_vector     0x08000000      0x1c4
                0x08000000                        . = ALIGN (0x4)
 *(.isr_vector)
 .isr_vector    0x08000000      0x1c4 ./Core/Startup/startup_stm32f446retx.o
                0x08000000                g_pfnVectors
                0x080001c4                        . = ALIGN (0x4)

.text           0x080001d0     0x1ec8
                0x080001d0                        . = ALIGN (0x4)
 *(.text)
 .text          0x080001d0       0x40 C:/Users/pc/Documents/STM32CubeIDE_1.19.0/STM32CubeIDE/plugins/com.st.stm32cube.ide.mcu.externaltools.gnu-tools-for-stm32.13.3.rel1.win32_1.0.0.202411081344/tools/bin/../lib/gcc/arm-none-eabi/13.3.1/thumb/v7e-m+fp/hard/crtbegin.o
 .text          0x08000210       0xa0 C:/Users/pc/Documents/STM32CubeIDE_1.19.0/STM32CubeIDE/plugins/com.st.stm32cube.ide.mcu.externaltools.gnu-tools-for-stm32.13.3.rel1.win32_1.0.0.202411081344/tools/bin/../lib/gcc/arm-none-eabi/13.3.1/../../../../arm-none-eabi/lib/thumb/v7e-m+fp/hard\libc_nano.a(libc_a-memchr.o)
                0x08000210                memchr
 *(.text*)
 .text.ADC_IRQHandler
                0x080002b0       0x94 ./Core/DRIVERS_V2.0/ADC/ADC.o
                0x080002b0                ADC_IRQHandler
 .text.system_clk_180mhz
                0x08000344      0x138 ./Core/DRIVERS_V2.0/CLOCK/CLOCK.o
                0x08000344                system_clk_180mhz
 .text.systick_init
                0x0800047c       0x28 ./Core/DRIVERS_V2.0/DELAY/DELAY.o
                0x0800047c                systick_init
 .text.delay_ms
                0x080004a4       0x30 ./Core/DRIVERS_V2.0/DELAY/DELAY.o
                0x080004a4                delay_ms
 .text.SysTick_Handler
                0x080004d4       0x1c ./Core/DRIVERS_V2.0/DELAY/DELAY.o
                0x080004d4                SysTick_Handler
 .text.EXTI0_IRQHandler
                0x080004f0       0x30 ./Core/DRIVERS_V2.0/EXTI/EXTI.o
                0x080004f0                EXTI0_IRQHandler
 .text.EXTI1_IRQHandler
                0x08000520       0x30 ./Core/DRIVERS_V2.0/EXTI/EXTI.o
                0x08000520                EXTI1_IRQHandler
 .text.EXTI2_IRQHandler
                0x08000550       0x30 ./Core/DRIVERS_V2.0/EXTI/EXTI.o
                0x08000550                EXTI2_IRQHandler
 .text.EXTI3_IRQHandler
                0x08000580       0x30 ./Core/DRIVERS_V2.0/EXTI/EXTI.o
                0x08000580                EXTI3_IRQHandler
 .text.EXTI4_IRQHandler
                0x080005b0       0x30 ./Core/DRIVERS_V2.0/EXTI/EXTI.o
                0x080005b0                EXTI4_IRQHandler
 .text.EXTI9_5_IRQHandler
                0x080005e0       0xc4 ./Core/DRIVERS_V2.0/EXTI/EXTI.o
                0x080005e0                EXTI9_5_IRQHandler
 .text.EXTI15_10_IRQHandler
                0x080006a4       0xf0 ./Core/DRIVERS_V2.0/EXTI/EXTI.o
                0x080006a4                EXTI15_10_IRQHandler
 .text.port_setup
                0x08000794       0x64 ./Core/DRIVERS_V2.0/GPIO/GPIO.o
 .text.GPIO_init
                0x080007f8       0xdc ./Core/DRIVERS_V2.0/GPIO/GPIO.o
                0x080007f8                GPIO_init
 .text.GPIO_set_level
                0x080008d4       0x50 ./Core/DRIVERS_V2.0/GPIO/GPIO.o
                0x080008d4                GPIO_set_level
 .text.__NVIC_EnableIRQ
                0x08000924       0x3c ./Core/DRIVERS_V2.0/I2C/I2C_INTERRUPT.o
 .text.__NVIC_SetPriority
                0x08000960       0x54 ./Core/DRIVERS_V2.0/I2C/I2C_INTERRUPT.o
 .text.i2c_pin_clk_config
                0x080009b4      0x1b4 ./Core/DRIVERS_V2.0/I2C/I2C_INTERRUPT.o
 .text.I2Cx_Interrupt_init
                0x08000b68       0xfc ./Core/DRIVERS_V2.0/I2C/I2C_INTERRUPT.o
                0x08000b68                I2Cx_Interrupt_init
 .text.I2Cx_Interrupt_Read
                0x08000c64       0x94 ./Core/DRIVERS_V2.0/I2C/I2C_INTERRUPT.o
                0x08000c64                I2Cx_Interrupt_Read
 .text.I2C1_EV_IRQHandler
                0x08000cf8      0x340 ./Core/DRIVERS_V2.0/I2C/I2C_INTERRUPT.o
                0x08000cf8                I2C1_EV_IRQHandler
 .text.I2C1_ER_IRQHandler
                0x08001038       0x40 ./Core/DRIVERS_V2.0/I2C/I2C_INTERRUPT.o
                0x08001038                I2C1_ER_IRQHandler
 .text.SPI1_IRQHandler
                0x08001078      0x15c ./Core/DRIVERS_V2.0/SPI/SPI_INTERRUPT.o
                0x08001078                SPI1_IRQHandler
 .text.__NVIC_EnableIRQ
                0x080011d4       0x3c ./Core/DRIVERS_V2.0/UART/UART.o
 .text.set_baud
                0x08001210       0x80 ./Core/DRIVERS_V2.0/UART/UART.o
 .text.UART2_init
                0x08001290       0xb0 ./Core/DRIVERS_V2.0/UART/UART.o
                0x08001290                UART2_init
 .text.UART2_write_byte
                0x08001340       0x48 ./Core/DRIVERS_V2.0/UART/UART.o
                0x08001340                UART2_write_byte
 .text.UART2_write_string
                0x08001388       0x2a ./Core/DRIVERS_V2.0/UART/UART.o
                0x08001388                UART2_write_string
 *fill*         0x080013b2        0x2 
 .text.USART2_IRQHandler
                0x080013b4       0x44 ./Core/DRIVERS_V2.0/UART/UART.o
                0x080013b4                USART2_IRQHandler
 .text.main     0x080013f8      0x220 ./Core/Src/main.o
                0x080013f8                main
 .text.NMI_Handler
                0x08001618        0x8 ./Core/Src/stm32f4xx_it.o
                0x08001618                NMI_Handler
 .text.HardFault_Handler
                0x08001620        0x8 ./Core/Src/stm32f4xx_it.o
                0x08001620                HardFault_Handler
 .text.MemManage_Handler
                0x08001628        0x8 ./Core/Src/stm32f4xx_it.o
                0x08001628                MemManage_Handler
 .text.BusFault_Handler
                0x08001630        0x8 ./Core/Src/stm32f4xx_it.o
                0x08001630                BusFault_Handler
 .text.UsageFault_Handler
                0x08001638        0x8 ./Core/Src/stm32f4xx_it.o
                0x08001638                UsageFault_Handler
 .text.SVC_Handler
                0x08001640        0xe ./Core/Src/stm32f4xx_it.o
                0x08001640                SVC_Handler
 .text.DebugMon_Handler
                0x0800164e        0xe ./Core/Src/stm32f4xx_it.o
                0x0800164e                DebugMon_Handler
 .text.PendSV_Handler
                0x0800165c        0xe ./Core/Src/stm32f4xx_it.o
                0x0800165c                PendSV_Handler
 *fill*         0x0800166a        0x2 
 .text._sbrk    0x0800166c       0x6c ./Core/Src/sysmem.o
                0x0800166c                _sbrk
 .text.SystemInit
                0x080016d8       0x24 ./Core/Src/system_stm32f4xx.o
                0x080016d8                SystemInit
 .text.Reset_Handler
                0x080016fc       0x50 ./Core/Startup/startup_stm32f446retx.o
                0x080016fc                Reset_Handler
 .text.Default_Handler
                0x0800174c        0x2 ./Core/Startup/startup_stm32f446retx.o
                0x0800174c                RTC_Alarm_IRQHandler
                0x0800174c                TIM8_CC_IRQHandler
                0x0800174c                FMPI2C1_EV_IRQHandler
                0x0800174c                SPI4_IRQHandler
                0x0800174c                TIM1_CC_IRQHandler
                0x0800174c                DMA2_Stream5_IRQHandler
                0x0800174c                DMA1_Stream5_IRQHandler
                0x0800174c                PVD_IRQHandler
                0x0800174c                SDIO_IRQHandler
                0x0800174c                TAMP_STAMP_IRQHandler
                0x0800174c                CAN2_RX1_IRQHandler
                0x0800174c                TIM8_TRG_COM_TIM14_IRQHandler
                0x0800174c                TIM1_UP_TIM10_IRQHandler
                0x0800174c                TIM8_UP_TIM13_IRQHandler
                0x0800174c                I2C3_ER_IRQHandler
                0x0800174c                I2C2_EV_IRQHandler
                0x0800174c                DMA1_Stream2_IRQHandler
                0x0800174c                CAN1_RX0_IRQHandler
                0x0800174c                FPU_IRQHandler
                0x0800174c                OTG_HS_WKUP_IRQHandler
                0x0800174c                CAN2_SCE_IRQHandler
                0x0800174c                DMA2_Stream2_IRQHandler
                0x0800174c                TIM6_DAC_IRQHandler
                0x0800174c                TIM1_BRK_TIM9_IRQHandler
                0x0800174c                DCMI_IRQHandler
                0x0800174c                CAN2_RX0_IRQHandler
                0x0800174c                DMA2_Stream3_IRQHandler
                0x0800174c                SAI2_IRQHandler
                0x0800174c                USART6_IRQHandler
                0x0800174c                USART3_IRQHandler
                0x0800174c                CAN1_RX1_IRQHandler
                0x0800174c                UART5_IRQHandler
                0x0800174c                DMA2_Stream0_IRQHandler
                0x0800174c                TIM4_IRQHandler
                0x0800174c                QUADSPI_IRQHandler
                0x0800174c                DMA1_Stream6_IRQHandler
                0x0800174c                DMA1_Stream1_IRQHandler
                0x0800174c                UART4_IRQHandler
                0x0800174c                TIM3_IRQHandler
                0x0800174c                RCC_IRQHandler
                0x0800174c                TIM8_BRK_TIM12_IRQHandler
                0x0800174c                Default_Handler
                0x0800174c                CEC_IRQHandler
                0x0800174c                DMA1_Stream7_IRQHandler
                0x0800174c                TIM7_IRQHandler
                0x0800174c                CAN2_TX_IRQHandler
                0x0800174c                TIM5_IRQHandler
                0x0800174c                DMA2_Stream7_IRQHandler
                0x0800174c                I2C3_EV_IRQHandler
                0x0800174c                RTC_WKUP_IRQHandler
                0x0800174c                SPDIF_RX_IRQHandler
                0x0800174c                SPI2_IRQHandler
                0x0800174c                OTG_HS_EP1_IN_IRQHandler
                0x0800174c                DMA1_Stream0_IRQHandler
                0x0800174c                CAN1_TX_IRQHandler
                0x0800174c                FMPI2C1_ER_IRQHandler
                0x0800174c                OTG_HS_EP1_OUT_IRQHandler
                0x0800174c                WWDG_IRQHandler
                0x0800174c                TIM2_IRQHandler
                0x0800174c                OTG_FS_WKUP_IRQHandler
                0x0800174c                TIM1_TRG_COM_TIM11_IRQHandler
                0x0800174c                OTG_HS_IRQHandler
                0x0800174c                I2C2_ER_IRQHandler
                0x0800174c                DMA2_Stream1_IRQHandler
                0x0800174c                CAN1_SCE_IRQHandler
                0x0800174c                FLASH_IRQHandler
                0x0800174c                DMA2_Stream4_IRQHandler
                0x0800174c                USART1_IRQHandler
                0x0800174c                OTG_FS_IRQHandler
                0x0800174c                SPI3_IRQHandler
                0x0800174c                DMA1_Stream4_IRQHandler
                0x0800174c                FMC_IRQHandler
                0x0800174c                DMA2_Stream6_IRQHandler
                0x0800174c                SAI1_IRQHandler
                0x0800174c                DMA1_Stream3_IRQHandler
 *fill*         0x0800174e        0x2 
 .text.sprintf  0x08001750       0x44 C:/Users/pc/Documents/STM32CubeIDE_1.19.0/STM32CubeIDE/plugins/com.st.stm32cube.ide.mcu.externaltools.gnu-tools-for-stm32.13.3.rel1.win32_1.0.0.202411081344/tools/bin/../lib/gcc/arm-none-eabi/13.3.1/../../../../arm-none-eabi/lib/thumb/v7e-m+fp/hard\libc_nano.a(libc_a-sprintf.o)
                0x08001750                siprintf
                0x08001750                sprintf
 .text.__errno  0x08001794        0xc C:/Users/pc/Documents/STM32CubeIDE_1.19.0/STM32CubeIDE/plugins/com.st.stm32cube.ide.mcu.externaltools.gnu-tools-for-stm32.13.3.rel1.win32_1.0.0.202411081344/tools/bin/../lib/gcc/arm-none-eabi/13.3.1/../../../../arm-none-eabi/lib/thumb/v7e-m+fp/hard\libc_nano.a(libc_a-errno.o)
                0x08001794                __errno
 .text.__libc_init_array
                0x080017a0       0x48 C:/Users/pc/Documents/STM32CubeIDE_1.19.0/STM32CubeIDE/plugins/com.st.stm32cube.ide.mcu.externaltools.gnu-tools-for-stm32.13.3.rel1.win32_1.0.0.202411081344/tools/bin/../lib/gcc/arm-none-eabi/13.3.1/../../../../arm-none-eabi/lib/thumb/v7e-m+fp/hard\libc_nano.a(libc_a-init.o)
                0x080017a0                __libc_init_array
 .text.__retarget_lock_acquire_recursive
                0x080017e8        0x2 C:/Users/pc/Documents/STM32CubeIDE_1.19.0/STM32CubeIDE/plugins/com.st.stm32cube.ide.mcu.externaltools.gnu-tools-for-stm32.13.3.rel1.win32_1.0.0.202411081344/tools/bin/../lib/gcc/arm-none-eabi/13.3.1/../../../../arm-none-eabi/lib/thumb/v7e-m+fp/hard\libc_nano.a(libc_a-lock.o)
                0x080017e8                __retarget_lock_acquire_recursive
 .text.__retarget_lock_release_recursive
                0x080017ea        0x2 C:/Users/pc/Documents/STM32CubeIDE_1.19.0/STM32CubeIDE/plugins/com.st.stm32cube.ide.mcu.externaltools.gnu-tools-for-stm32.13.3.rel1.win32_1.0.0.202411081344/tools/bin/../lib/gcc/arm-none-eabi/13.3.1/../../../../arm-none-eabi/lib/thumb/v7e-m+fp/hard\libc_nano.a(libc_a-lock.o)
                0x080017ea                __retarget_lock_release_recursive
 .text._free_r  0x080017ec       0x94 C:/Users/pc/Documents/STM32CubeIDE_1.19.0/STM32CubeIDE/plugins/com.st.stm32cube.ide.mcu.externaltools.gnu-tools-for-stm32.13.3.rel1.win32_1.0.0.202411081344/tools/bin/../lib/gcc/arm-none-eabi/13.3.1/../../../../arm-none-eabi/lib/thumb/v7e-m+fp/hard\libc_nano.a(libc_a-freer.o)
                0x080017ec                _free_r
 .text.sbrk_aligned
                0x08001880       0x44 C:/Users/pc/Documents/STM32CubeIDE_1.19.0/STM32CubeIDE/plugins/com.st.stm32cube.ide.mcu.externaltools.gnu-tools-for-stm32.13.3.rel1.win32_1.0.0.202411081344/tools/bin/../lib/gcc/arm-none-eabi/13.3.1/../../../../arm-none-eabi/lib/thumb/v7e-m+fp/hard\libc_nano.a(libc_a-mallocr.o)
 .text._malloc_r
                0x080018c4      0x100 C:/Users/pc/Documents/STM32CubeIDE_1.19.0/STM32CubeIDE/plugins/com.st.stm32cube.ide.mcu.externaltools.gnu-tools-for-stm32.13.3.rel1.win32_1.0.0.202411081344/tools/bin/../lib/gcc/arm-none-eabi/13.3.1/../../../../arm-none-eabi/lib/thumb/v7e-m+fp/hard\libc_nano.a(libc_a-mallocr.o)
                0x080018c4                _malloc_r
 .text.__malloc_lock
                0x080019c4        0xc C:/Users/pc/Documents/STM32CubeIDE_1.19.0/STM32CubeIDE/plugins/com.st.stm32cube.ide.mcu.externaltools.gnu-tools-for-stm32.13.3.rel1.win32_1.0.0.202411081344/tools/bin/../lib/gcc/arm-none-eabi/13.3.1/../../../../arm-none-eabi/lib/thumb/v7e-m+fp/hard\libc_nano.a(libc_a-mlock.o)
                0x080019c4                __malloc_lock
 .text.__malloc_unlock
                0x080019d0        0xc C:/Users/pc/Documents/STM32CubeIDE_1.19.0/STM32CubeIDE/plugins/com.st.stm32cube.ide.mcu.externaltools.gnu-tools-for-stm32.13.3.rel1.win32_1.0.0.202411081344/tools/bin/../lib/gcc/arm-none-eabi/13.3.1/../../../../arm-none-eabi/lib/thumb/v7e-m+fp/hard\libc_nano.a(libc_a-mlock.o)
                0x080019d0                __malloc_unlock
 .text.__ssputs_r
                0x080019dc       0xb6 C:/Users/pc/Documents/STM32CubeIDE_1.19.0/STM32CubeIDE/plugins/com.st.stm32cube.ide.mcu.externaltools.gnu-tools-for-stm32.13.3.rel1.win32_1.0.0.202411081344/tools/bin/../lib/gcc/arm-none-eabi/13.3.1/../../../../arm-none-eabi/lib/thumb/v7e-m+fp/hard\libc_nano.a(libc_a-nano-svfprintf.o)
                0x080019dc                __ssputs_r
 *fill*         0x08001a92        0x2 
 .text._svfprintf_r
                0x08001a94      0x1f8 C:/Users/pc/Documents/STM32CubeIDE_1.19.0/STM32CubeIDE/plugins/com.st.stm32cube.ide.mcu.externaltools.gnu-tools-for-stm32.13.3.rel1.win32_1.0.0.202411081344/tools/bin/../lib/gcc/arm-none-eabi/13.3.1/../../../../arm-none-eabi/lib/thumb/v7e-m+fp/hard\libc_nano.a(libc_a-nano-svfprintf.o)
                0x08001a94                _svfiprintf_r
                0x08001a94                _svfprintf_r
 .text._printf_common
                0x08001c8c       0xda C:/Users/pc/Documents/STM32CubeIDE_1.19.0/STM32CubeIDE/plugins/com.st.stm32cube.ide.mcu.externaltools.gnu-tools-for-stm32.13.3.rel1.win32_1.0.0.202411081344/tools/bin/../lib/gcc/arm-none-eabi/13.3.1/../../../../arm-none-eabi/lib/thumb/v7e-m+fp/hard\libc_nano.a(libc_a-nano-vfprintf_i.o)
                0x08001c8c                _printf_common
 *fill*         0x08001d66        0x2 
 .text._printf_i
                0x08001d68      0x23c C:/Users/pc/Documents/STM32CubeIDE_1.19.0/STM32CubeIDE/plugins/com.st.stm32cube.ide.mcu.externaltools.gnu-tools-for-stm32.13.3.rel1.win32_1.0.0.202411081344/tools/bin/../lib/gcc/arm-none-eabi/13.3.1/../../../../arm-none-eabi/lib/thumb/v7e-m+fp/hard\libc_nano.a(libc_a-nano-vfprintf_i.o)
                0x08001d68                _printf_i
 .text.memmove  0x08001fa4       0x34 C:/Users/pc/Documents/STM32CubeIDE_1.19.0/STM32CubeIDE/plugins/com.st.stm32cube.ide.mcu.externaltools.gnu-tools-for-stm32.13.3.rel1.win32_1.0.0.202411081344/tools/bin/../lib/gcc/arm-none-eabi/13.3.1/../../../../arm-none-eabi/lib/thumb/v7e-m+fp/hard\libc_nano.a(libc_a-memmove.o)
                0x08001fa4                memmove
 .text._sbrk_r  0x08001fd8       0x20 C:/Users/pc/Documents/STM32CubeIDE_1.19.0/STM32CubeIDE/plugins/com.st.stm32cube.ide.mcu.externaltools.gnu-tools-for-stm32.13.3.rel1.win32_1.0.0.202411081344/tools/bin/../lib/gcc/arm-none-eabi/13.3.1/../../../../arm-none-eabi/lib/thumb/v7e-m+fp/hard\libc_nano.a(libc_a-sbrkr.o)
                0x08001fd8                _sbrk_r
 .text.memcpy   0x08001ff8       0x1c C:/Users/pc/Documents/STM32CubeIDE_1.19.0/STM32CubeIDE/plugins/com.st.stm32cube.ide.mcu.externaltools.gnu-tools-for-stm32.13.3.rel1.win32_1.0.0.202411081344/tools/bin/../lib/gcc/arm-none-eabi/13.3.1/../../../../arm-none-eabi/lib/thumb/v7e-m+fp/hard\libc_nano.a(libc_a-memcpy-stub.o)
                0x08001ff8                memcpy
 .text._realloc_r
                0x08002014       0x5c C:/Users/pc/Documents/STM32CubeIDE_1.19.0/STM32CubeIDE/plugins/com.st.stm32cube.ide.mcu.externaltools.gnu-tools-for-stm32.13.3.rel1.win32_1.0.0.202411081344/tools/bin/../lib/gcc/arm-none-eabi/13.3.1/../../../../arm-none-eabi/lib/thumb/v7e-m+fp/hard\libc_nano.a(libc_a-reallocr.o)
                0x08002014                _realloc_r
 .text._malloc_usable_size_r
                0x08002070       0x10 C:/Users/pc/Documents/STM32CubeIDE_1.19.0/STM32CubeIDE/plugins/com.st.stm32cube.ide.mcu.externaltools.gnu-tools-for-stm32.13.3.rel1.win32_1.0.0.202411081344/tools/bin/../lib/gcc/arm-none-eabi/13.3.1/../../../../arm-none-eabi/lib/thumb/v7e-m+fp/hard\libc_nano.a(libc_a-msizer.o)
                0x08002070                _malloc_usable_size_r
 *(.glue_7)
 .glue_7        0x08002080        0x0 linker stubs
 *(.glue_7t)
 .glue_7t       0x08002080        0x0 linker stubs
 *(.eh_frame)
 .eh_frame      0x08002080        0x0 C:/Users/pc/Documents/STM32CubeIDE_1.19.0/STM32CubeIDE/plugins/com.st.stm32cube.ide.mcu.externaltools.gnu-tools-for-stm32.13.3.rel1.win32_1.0.0.202411081344/tools/bin/../lib/gcc/arm-none-eabi/13.3.1/thumb/v7e-m+fp/hard/crtbegin.o
 *(.init)
 .init          0x08002080        0x4 C:/Users/pc/Documents/STM32CubeIDE_1.19.0/STM32CubeIDE/plugins/com.st.stm32cube.ide.mcu.externaltools.gnu-tools-for-stm32.13.3.rel1.win32_1.0.0.202411081344/tools/bin/../lib/gcc/arm-none-eabi/13.3.1/thumb/v7e-m+fp/hard/crti.o
                0x08002080                _init
 .init          0x08002084        0x8 C:/Users/pc/Documents/STM32CubeIDE_1.19.0/STM32CubeIDE/plugins/com.st.stm32cube.ide.mcu.externaltools.gnu-tools-for-stm32.13.3.rel1.win32_1.0.0.202411081344/tools/bin/../lib/gcc/arm-none-eabi/13.3.1/thumb/v7e-m+fp/hard/crtn.o
 *(.fini)
 .fini          0x0800208c        0x4 C:/Users/pc/Documents/STM32CubeIDE_1.19.0/STM32CubeIDE/plugins/com.st.stm32cube.ide.mcu.externaltools.gnu-tools-for-stm32.13.3.rel1.win32_1.0.0.202411081344/tools/bin/../lib/gcc/arm-none-eabi/13.3.1/thumb/v7e-m+fp/hard/crti.o
                0x0800208c                _fini
 .fini          0x08002090        0x8 C:/Users/pc/Documents/STM32CubeIDE_1.19.0/STM32CubeIDE/plugins/com.st.stm32cube.ide.mcu.externaltools.gnu-tools-for-stm32.13.3.rel1.win32_1.0.0.202411081344/tools/bin/../lib/gcc/arm-none-eabi/13.3.1/thumb/v7e-m+fp/hard/crtn.o
                0x08002098                        . = ALIGN (0x4)
                0x08002098                        _etext = .

.vfp11_veneer   0x08002098        0x0
 .vfp11_veneer  0x08002098        0x0 linker stubs

.v4_bx          0x08002098        0x0
 .v4_bx         0x08002098        0x0 linker stubs

.iplt           0x08002098        0x0
 .iplt          0x08002098        0x0 C:/Users/pc/Documents/STM32CubeIDE_1.19.0/STM32CubeIDE/plugins/com.st.stm32cube.ide.mcu.externaltools.gnu-tools-for-stm32.13.3.rel1.win32_1.0.0.202411081344/tools/bin/../lib/gcc/arm-none-eabi/13.3.1/thumb/v7e-m+fp/hard/crtbegin.o

.rodata         0x08002098       0xa8
                0x08002098                        . = ALIGN (0x4)
 *(.rodata)
 .rodata        0x08002098       0x25 ./Core/DRIVERS_V2.0/I2C/I2C_INTERRUPT.o
 *fill*         0x080020bd        0x3 
 .rodata        0x080020c0        0xd ./Core/DRIVERS_V2.0/UART/UART.o
 *fill*         0x080020cd        0x3 
 .rodata        0x080020d0       0x3c ./Core/Src/main.o
 *(.rodata*)
 .rodata._svfprintf_r.str1.1
                0x0800210c       0x33 C:/Users/pc/Documents/STM32CubeIDE_1.19.0/STM32CubeIDE/plugins/com.st.stm32cube.ide.mcu.externaltools.gnu-tools-for-stm32.13.3.rel1.win32_1.0.0.202411081344/tools/bin/../lib/gcc/arm-none-eabi/13.3.1/../../../../arm-none-eabi/lib/thumb/v7e-m+fp/hard\libc_nano.a(libc_a-nano-svfprintf.o)
                                 0x11 (size before relaxing)
 .rodata._printf_i.str1.1
                0x0800213f       0x22 C:/Users/pc/Documents/STM32CubeIDE_1.19.0/STM32CubeIDE/plugins/com.st.stm32cube.ide.mcu.externaltools.gnu-tools-for-stm32.13.3.rel1.win32_1.0.0.202411081344/tools/bin/../lib/gcc/arm-none-eabi/13.3.1/../../../../arm-none-eabi/lib/thumb/v7e-m+fp/hard\libc_nano.a(libc_a-nano-vfprintf_i.o)
                0x08002164                        . = ALIGN (0x4)
 *fill*         0x0800213f        0x1 

.ARM.extab      0x08002140        0x0
                0x08002140                        . = ALIGN (0x4)
 *(.ARM.extab* .gnu.linkonce.armextab.*)
                0x08002140                        . = ALIGN (0x4)

.ARM            0x08002140        0x8
                0x08002140                        . = ALIGN (0x4)
                0x08002140                        __exidx_start = .
 *(.ARM.exidx*)
 .ARM.exidx     0x08002140        0x8 C:/Users/pc/Documents/STM32CubeIDE_1.19.0/STM32CubeIDE/plugins/com.st.stm32cube.ide.mcu.externaltools.gnu-tools-for-stm32.13.3.rel1.win32_1.0.0.202411081344/tools/bin/../lib/gcc/arm-none-eabi/13.3.1/../../../../arm-none-eabi/lib/thumb/v7e-m+fp/hard\libc_nano.a(libc_a-memchr.o)
                0x08002148                        __exidx_end = .
                0x08002148                        . = ALIGN (0x4)

.preinit_array  0x08002148        0x0
                0x08002148                        . = ALIGN (0x4)
                0x08002148                        PROVIDE (__preinit_array_start = .)
 *(.preinit_array*)
                0x08002148                        PROVIDE (__preinit_array_end = .)
                0x08002148                        . = ALIGN (0x4)

.init_array     0x08002148        0x4
                0x08002148                        . = ALIGN (0x4)
                0x08002148                        PROVIDE (__init_array_start = .)
 *(SORT_BY_NAME(.init_array.*))
 *(.init_array*)
 .init_array    0x08002148        0x4 C:/Users/pc/Documents/STM32CubeIDE_1.19.0/STM32CubeIDE/plugins/com.st.stm32cube.ide.mcu.externaltools.gnu-tools-for-stm32.13.3.rel1.win32_1.0.0.202411081344/tools/bin/../lib/gcc/arm-none-eabi/13.3.1/thumb/v7e-m+fp/hard/crtbegin.o
                0x0800214c                        PROVIDE (__init_array_end = .)
                0x0800214c                        . = ALIGN (0x4)

.fini_array     0x0800214c        0x4
                0x0800214c                        . = ALIGN (0x4)
                [!provide]                        PROVIDE (__fini_array_start = .)
 *(SORT_BY_NAME(.fini_array.*))
 *(.fini_array*)
 .fini_array    0x0800214c        0x4 C:/Users/pc/Documents/STM32CubeIDE_1.19.0/STM32CubeIDE/plugins/com.st.stm32cube.ide.mcu.externaltools.gnu-tools-for-stm32.13.3.rel1.win32_1.0.0.202411081344/tools/bin/../lib/gcc/arm-none-eabi/13.3.1/thumb/v7e-m+fp/hard/crtbegin.o
                [!provide]                        PROVIDE (__fini_array_end = .)
                0x08002150                        . = ALIGN (0x4)
                0x08002150                        _sidata = LOADADDR (.data)

.rel.dyn        0x08002150        0x0
 .rel.iplt      0x08002150        0x0 C:/Users/pc/Documents/STM32CubeIDE_1.19.0/STM32CubeIDE/plugins/com.st.stm32cube.ide.mcu.externaltools.gnu-tools-for-stm32.13.3.rel1.win32_1.0.0.202411081344/tools/bin/../lib/gcc/arm-none-eabi/13.3.1/thumb/v7e-m+fp/hard/crtbegin.o

.data           0x20000000       0x54 load address 0x08002150
                0x20000000                        . = ALIGN (0x4)
                0x20000000                        _sdata = .
 *(.data)
 *(.data*)
 .data.i2c_state
                0x20000000        0x1 ./Core/DRIVERS_V2.0/I2C/I2C_INTERRUPT.o
                0x20000000                i2c_state
 .data.idk      0x20000001        0x1 ./Core/DRIVERS_V2.0/I2C/I2C_INTERRUPT.o
                0x20000001                idk
 *fill*         0x20000002        0x2 
 .data._impure_ptr
                0x20000004        0x4 C:/Users/pc/Documents/STM32CubeIDE_1.19.0/STM32CubeIDE/plugins/com.st.stm32cube.ide.mcu.externaltools.gnu-tools-for-stm32.13.3.rel1.win32_1.0.0.202411081344/tools/bin/../lib/gcc/arm-none-eabi/13.3.1/../../../../arm-none-eabi/lib/thumb/v7e-m+fp/hard\libc_nano.a(libc_a-impure.o)
                0x20000004                _impure_ptr
 .data._impure_data
                0x20000008       0x4c C:/Users/pc/Documents/STM32CubeIDE_1.19.0/STM32CubeIDE/plugins/com.st.stm32cube.ide.mcu.externaltools.gnu-tools-for-stm32.13.3.rel1.win32_1.0.0.202411081344/tools/bin/../lib/gcc/arm-none-eabi/13.3.1/../../../../arm-none-eabi/lib/thumb/v7e-m+fp/hard\libc_nano.a(libc_a-impure.o)
                0x20000008                _impure_data
 *(.RamFunc)
 *(.RamFunc*)
                0x20000054                        . = ALIGN (0x4)
                0x20000054                        _edata = .

.igot.plt       0x20000054        0x0 load address 0x080021a4
 .igot.plt      0x20000054        0x0 C:/Users/pc/Documents/STM32CubeIDE_1.19.0/STM32CubeIDE/plugins/com.st.stm32cube.ide.mcu.externaltools.gnu-tools-for-stm32.13.3.rel1.win32_1.0.0.202411081344/tools/bin/../lib/gcc/arm-none-eabi/13.3.1/thumb/v7e-m+fp/hard/crtbegin.o
                0x20000054                        . = ALIGN (0x4)

.bss            0x20000054      0x1e8 load address 0x080021a4
                0x20000054                        _sbss = .
                0x20000054                        __bss_start__ = _sbss
 *(.bss)
 .bss           0x20000054       0x1c C:/Users/pc/Documents/STM32CubeIDE_1.19.0/STM32CubeIDE/plugins/com.st.stm32cube.ide.mcu.externaltools.gnu-tools-for-stm32.13.3.rel1.win32_1.0.0.202411081344/tools/bin/../lib/gcc/arm-none-eabi/13.3.1/thumb/v7e-m+fp/hard/crtbegin.o
 *(.bss*)
 .bss.ADC1_callback
                0x20000070        0x4 ./Core/DRIVERS_V2.0/ADC/ADC.o
 .bss.ADC2_callback
                0x20000074        0x4 ./Core/DRIVERS_V2.0/ADC/ADC.o
 .bss.ADC3_callback
                0x20000078        0x4 ./Core/DRIVERS_V2.0/ADC/ADC.o
 .bss.msticks   0x2000007c        0x4 ./Core/DRIVERS_V2.0/DELAY/DELAY.o
                0x2000007c                msticks
 .bss.exti_callback_0
                0x20000080        0x4 ./Core/DRIVERS_V2.0/EXTI/EXTI.o
 .bss.exti_callback_1
                0x20000084        0x4 ./Core/DRIVERS_V2.0/EXTI/EXTI.o
 .bss.exti_callback_2
                0x20000088        0x4 ./Core/DRIVERS_V2.0/EXTI/EXTI.o
 .bss.exti_callback_3
                0x2000008c        0x4 ./Core/DRIVERS_V2.0/EXTI/EXTI.o
 .bss.exti_callback_4
                0x20000090        0x4 ./Core/DRIVERS_V2.0/EXTI/EXTI.o
 .bss.exti_callback_5
                0x20000094        0x4 ./Core/DRIVERS_V2.0/EXTI/EXTI.o
 .bss.exti_callback_6
                0x20000098        0x4 ./Core/DRIVERS_V2.0/EXTI/EXTI.o
 .bss.exti_callback_7
                0x2000009c        0x4 ./Core/DRIVERS_V2.0/EXTI/EXTI.o
 .bss.exti_callback_8
                0x200000a0        0x4 ./Core/DRIVERS_V2.0/EXTI/EXTI.o
 .bss.exti_callback_9
                0x200000a4        0x4 ./Core/DRIVERS_V2.0/EXTI/EXTI.o
 .bss.exti_callback_10
                0x200000a8        0x4 ./Core/DRIVERS_V2.0/EXTI/EXTI.o
 .bss.exti_callback_11
                0x200000ac        0x4 ./Core/DRIVERS_V2.0/EXTI/EXTI.o
 .bss.exti_callback_12
                0x200000b0        0x4 ./Core/DRIVERS_V2.0/EXTI/EXTI.o
 .bss.exti_callback_13
                0x200000b4        0x4 ./Core/DRIVERS_V2.0/EXTI/EXTI.o
 .bss.exti_callback_14
                0x200000b8        0x4 ./Core/DRIVERS_V2.0/EXTI/EXTI.o
 .bss.exti_callback_15
                0x200000bc        0x4 ./Core/DRIVERS_V2.0/EXTI/EXTI.o
 .bss.slave_addr_global
                0x200000c0        0x2 ./Core/DRIVERS_V2.0/I2C/I2C_INTERRUPT.o
 .bss.register_addr_global
                0x200000c2        0x2 ./Core/DRIVERS_V2.0/I2C/I2C_INTERRUPT.o
 .bss.buffer_global
                0x200000c4        0x4 ./Core/DRIVERS_V2.0/I2C/I2C_INTERRUPT.o
 .bss.i2c_global
                0x200000c8        0x4 ./Core/DRIVERS_V2.0/I2C/I2C_INTERRUPT.o
 .bss.length_global
                0x200000cc        0x1 ./Core/DRIVERS_V2.0/I2C/I2C_INTERRUPT.o
 .bss.index     0x200000cd        0x1 ./Core/DRIVERS_V2.0/I2C/I2C_INTERRUPT.o
 .bss.read_done
                0x200000ce        0x1 ./Core/DRIVERS_V2.0/I2C/I2C_INTERRUPT.o
 .bss.write_done
                0x200000cf        0x1 ./Core/DRIVERS_V2.0/I2C/I2C_INTERRUPT.o
 .bss.read_write_state
                0x200000d0        0x1 ./Core/DRIVERS_V2.0/I2C/I2C_INTERRUPT.o
 .bss.nack_done
                0x200000d1        0x1 ./Core/DRIVERS_V2.0/I2C/I2C_INTERRUPT.o
                0x200000d1                nack_done
 *fill*         0x200000d2        0x2 
 .bss.spi_data  0x200000d4       0x18 ./Core/DRIVERS_V2.0/SPI/SPI_INTERRUPT.o
                0x200000d4                spi_data
 .bss.data      0x200000ec        0x1 ./Core/DRIVERS_V2.0/UART/UART.o
                0x200000ec                data
 .bss.busy_flag
                0x200000ed        0x1 ./Core/DRIVERS_V2.0/UART/UART.o
                0x200000ed                busy_flag
 *fill*         0x200000ee        0x2 
 .bss.__sbrk_heap_end
                0x200000f0        0x4 ./Core/Src/sysmem.o
 .bss.__sf      0x200000f4      0x138 C:/Users/pc/Documents/STM32CubeIDE_1.19.0/STM32CubeIDE/plugins/com.st.stm32cube.ide.mcu.externaltools.gnu-tools-for-stm32.13.3.rel1.win32_1.0.0.202411081344/tools/bin/../lib/gcc/arm-none-eabi/13.3.1/../../../../arm-none-eabi/lib/thumb/v7e-m+fp/hard\libc_nano.a(libc_a-findfp.o)
                0x200000f4                __sf
 .bss.errno     0x2000022c        0x4 C:/Users/pc/Documents/STM32CubeIDE_1.19.0/STM32CubeIDE/plugins/com.st.stm32cube.ide.mcu.externaltools.gnu-tools-for-stm32.13.3.rel1.win32_1.0.0.202411081344/tools/bin/../lib/gcc/arm-none-eabi/13.3.1/../../../../arm-none-eabi/lib/thumb/v7e-m+fp/hard\libc_nano.a(libc_a-reent.o)
                0x2000022c                errno
 .bss.__lock___malloc_recursive_mutex
                0x20000230        0x1 C:/Users/pc/Documents/STM32CubeIDE_1.19.0/STM32CubeIDE/plugins/com.st.stm32cube.ide.mcu.externaltools.gnu-tools-for-stm32.13.3.rel1.win32_1.0.0.202411081344/tools/bin/../lib/gcc/arm-none-eabi/13.3.1/../../../../arm-none-eabi/lib/thumb/v7e-m+fp/hard\libc_nano.a(libc_a-lock.o)
                0x20000230                __lock___malloc_recursive_mutex
 *fill*         0x20000231        0x3 
 .bss.__malloc_sbrk_start
                0x20000234        0x4 C:/Users/pc/Documents/STM32CubeIDE_1.19.0/STM32CubeIDE/plugins/com.st.stm32cube.ide.mcu.externaltools.gnu-tools-for-stm32.13.3.rel1.win32_1.0.0.202411081344/tools/bin/../lib/gcc/arm-none-eabi/13.3.1/../../../../arm-none-eabi/lib/thumb/v7e-m+fp/hard\libc_nano.a(libc_a-mallocr.o)
                0x20000234                __malloc_sbrk_start
 .bss.__malloc_free_list
                0x20000238        0x4 C:/Users/pc/Documents/STM32CubeIDE_1.19.0/STM32CubeIDE/plugins/com.st.stm32cube.ide.mcu.externaltools.gnu-tools-for-stm32.13.3.rel1.win32_1.0.0.202411081344/tools/bin/../lib/gcc/arm-none-eabi/13.3.1/../../../../arm-none-eabi/lib/thumb/v7e-m+fp/hard\libc_nano.a(libc_a-mallocr.o)
                0x20000238                __malloc_free_list
 *(COMMON)
                0x2000023c                        . = ALIGN (0x4)
                0x2000023c                        _ebss = .
                0x2000023c                        __bss_end__ = _ebss

._user_heap_stack
                0x2000023c      0x604 load address 0x080021a4
                0x20000240                        . = ALIGN (0x8)
 *fill*         0x2000023c        0x4 
                [!provide]                        PROVIDE (end = .)
                0x20000240                        PROVIDE (_end = .)
                0x20000440                        . = (. + _Min_Heap_Size)
 *fill*         0x20000240      0x200 
                0x20000840                        . = (. + _Min_Stack_Size)
 *fill*         0x20000440      0x400 
                0x20000840                        . = ALIGN (0x8)

/DISCARD/
 libc.a(*)
 libm.a(*)
 libgcc.a(*)

.ARM.attributes
                0x00000000       0x30
 *(.ARM.attributes)
 .ARM.attributes
                0x00000000       0x22 C:/Users/pc/Documents/STM32CubeIDE_1.19.0/STM32CubeIDE/plugins/com.st.stm32cube.ide.mcu.externaltools.gnu-tools-for-stm32.13.3.rel1.win32_1.0.0.202411081344/tools/bin/../lib/gcc/arm-none-eabi/13.3.1/thumb/v7e-m+fp/hard/crti.o
 .ARM.attributes
                0x00000022       0x34 C:/Users/pc/Documents/STM32CubeIDE_1.19.0/STM32CubeIDE/plugins/com.st.stm32cube.ide.mcu.externaltools.gnu-tools-for-stm32.13.3.rel1.win32_1.0.0.202411081344/tools/bin/../lib/gcc/arm-none-eabi/13.3.1/thumb/v7e-m+fp/hard/crtbegin.o
 .ARM.attributes
                0x00000056       0x34 ./Core/DRIVERS_V2.0/ADC/ADC.o
 .ARM.attributes
                0x0000008a       0x34 ./Core/DRIVERS_V2.0/CLOCK/CLOCK.o
 .ARM.attributes
                0x000000be       0x34 ./Core/DRIVERS_V2.0/DELAY/DELAY.o
 .ARM.attributes
                0x000000f2       0x34 ./Core/DRIVERS_V2.0/EXTI/EXTI.o
 .ARM.attributes
                0x00000126       0x34 ./Core/DRIVERS_V2.0/GPIO/GPIO.o
 .ARM.attributes
                0x0000015a       0x34 ./Core/DRIVERS_V2.0/I2C/I2C_INTERRUPT.o
 .ARM.attributes
                0x0000018e       0x34 ./Core/DRIVERS_V2.0/SPI/SPI_INTERRUPT.o
 .ARM.attributes
                0x000001c2       0x34 ./Core/DRIVERS_V2.0/UART/UART.o
 .ARM.attributes
                0x000001f6       0x34 ./Core/Src/main.o
 .ARM.attributes
                0x0000022a       0x34 ./Core/Src/stm32f4xx_it.o
 .ARM.attributes
                0x0000025e       0x34 ./Core/Src/sysmem.o
 .ARM.attributes
                0x00000292       0x34 ./Core/Src/system_stm32f4xx.o
 .ARM.attributes
                0x000002c6       0x21 ./Core/Startup/startup_stm32f446retx.o
 .ARM.attributes
                0x000002e7       0x34 C:/Users/pc/Documents/STM32CubeIDE_1.19.0/STM32CubeIDE/plugins/com.st.stm32cube.ide.mcu.externaltools.gnu-tools-for-stm32.13.3.rel1.win32_1.0.0.202411081344/tools/bin/../lib/gcc/arm-none-eabi/13.3.1/../../../../arm-none-eabi/lib/thumb/v7e-m+fp/hard\libc_nano.a(libc_a-findfp.o)
 .ARM.attributes
                0x0000031b       0x34 C:/Users/pc/Documents/STM32CubeIDE_1.19.0/STM32CubeIDE/plugins/com.st.stm32cube.ide.mcu.externaltools.gnu-tools-for-stm32.13.3.rel1.win32_1.0.0.202411081344/tools/bin/../lib/gcc/arm-none-eabi/13.3.1/../../../../arm-none-eabi/lib/thumb/v7e-m+fp/hard\libc_nano.a(libc_a-sprintf.o)
 .ARM.attributes
                0x0000034f       0x34 C:/Users/pc/Documents/STM32CubeIDE_1.19.0/STM32CubeIDE/plugins/com.st.stm32cube.ide.mcu.externaltools.gnu-tools-for-stm32.13.3.rel1.win32_1.0.0.202411081344/tools/bin/../lib/gcc/arm-none-eabi/13.3.1/../../../../arm-none-eabi/lib/thumb/v7e-m+fp/hard\libc_nano.a(libc_a-reent.o)
 .ARM.attributes
                0x00000383       0x34 C:/Users/pc/Documents/STM32CubeIDE_1.19.0/STM32CubeIDE/plugins/com.st.stm32cube.ide.mcu.externaltools.gnu-tools-for-stm32.13.3.rel1.win32_1.0.0.202411081344/tools/bin/../lib/gcc/arm-none-eabi/13.3.1/../../../../arm-none-eabi/lib/thumb/v7e-m+fp/hard\libc_nano.a(libc_a-impure.o)
 .ARM.attributes
                0x000003b7       0x34 C:/Users/pc/Documents/STM32CubeIDE_1.19.0/STM32CubeIDE/plugins/com.st.stm32cube.ide.mcu.externaltools.gnu-tools-for-stm32.13.3.rel1.win32_1.0.0.202411081344/tools/bin/../lib/gcc/arm-none-eabi/13.3.1/../../../../arm-none-eabi/lib/thumb/v7e-m+fp/hard\libc_nano.a(libc_a-errno.o)
 .ARM.attributes
                0x000003eb       0x34 C:/Users/pc/Documents/STM32CubeIDE_1.19.0/STM32CubeIDE/plugins/com.st.stm32cube.ide.mcu.externaltools.gnu-tools-for-stm32.13.3.rel1.win32_1.0.0.202411081344/tools/bin/../lib/gcc/arm-none-eabi/13.3.1/../../../../arm-none-eabi/lib/thumb/v7e-m+fp/hard\libc_nano.a(libc_a-init.o)
 .ARM.attributes
                0x0000041f       0x34 C:/Users/pc/Documents/STM32CubeIDE_1.19.0/STM32CubeIDE/plugins/com.st.stm32cube.ide.mcu.externaltools.gnu-tools-for-stm32.13.3.rel1.win32_1.0.0.202411081344/tools/bin/../lib/gcc/arm-none-eabi/13.3.1/../../../../arm-none-eabi/lib/thumb/v7e-m+fp/hard\libc_nano.a(libc_a-lock.o)
 .ARM.attributes
                0x00000453       0x34 C:/Users/pc/Documents/STM32CubeIDE_1.19.0/STM32CubeIDE/plugins/com.st.stm32cube.ide.mcu.externaltools.gnu-tools-for-stm32.13.3.rel1.win32_1.0.0.202411081344/tools/bin/../lib/gcc/arm-none-eabi/13.3.1/../../../../arm-none-eabi/lib/thumb/v7e-m+fp/hard\libc_nano.a(libc_a-freer.o)
 .ARM.attributes
                0x00000487       0x34 C:/Users/pc/Documents/STM32CubeIDE_1.19.0/STM32CubeIDE/plugins/com.st.stm32cube.ide.mcu.externaltools.gnu-tools-for-stm32.13.3.rel1.win32_1.0.0.202411081344/tools/bin/../lib/gcc/arm-none-eabi/13.3.1/../../../../arm-none-eabi/lib/thumb/v7e-m+fp/hard\libc_nano.a(libc_a-mallocr.o)
 .ARM.attributes
                0x000004bb       0x34 C:/Users/pc/Documents/STM32CubeIDE_1.19.0/STM32CubeIDE/plugins/com.st.stm32cube.ide.mcu.externaltools.gnu-tools-for-stm32.13.3.rel1.win32_1.0.0.202411081344/tools/bin/../lib/gcc/arm-none-eabi/13.3.1/../../../../arm-none-eabi/lib/thumb/v7e-m+fp/hard\libc_nano.a(libc_a-mlock.o)
 .ARM.attributes
                0x000004ef       0x34 C:/Users/pc/Documents/STM32CubeIDE_1.19.0/STM32CubeIDE/plugins/com.st.stm32cube.ide.mcu.externaltools.gnu-tools-for-stm32.13.3.rel1.win32_1.0.0.202411081344/tools/bin/../lib/gcc/arm-none-eabi/13.3.1/../../../../arm-none-eabi/lib/thumb/v7e-m+fp/hard\libc_nano.a(libc_a-nano-svfprintf.o)
 .ARM.attributes
                0x00000523       0x34 C:/Users/pc/Documents/STM32CubeIDE_1.19.0/STM32CubeIDE/plugins/com.st.stm32cube.ide.mcu.externaltools.gnu-tools-for-stm32.13.3.rel1.win32_1.0.0.202411081344/tools/bin/../lib/gcc/arm-none-eabi/13.3.1/../../../../arm-none-eabi/lib/thumb/v7e-m+fp/hard\libc_nano.a(libc_a-nano-vfprintf_i.o)
 .ARM.attributes
                0x00000557       0x34 C:/Users/pc/Documents/STM32CubeIDE_1.19.0/STM32CubeIDE/plugins/com.st.stm32cube.ide.mcu.externaltools.gnu-tools-for-stm32.13.3.rel1.win32_1.0.0.202411081344/tools/bin/../lib/gcc/arm-none-eabi/13.3.1/../../../../arm-none-eabi/lib/thumb/v7e-m+fp/hard\libc_nano.a(libc_a-memmove.o)
 .ARM.attributes
                0x0000058b       0x34 C:/Users/pc/Documents/STM32CubeIDE_1.19.0/STM32CubeIDE/plugins/com.st.stm32cube.ide.mcu.externaltools.gnu-tools-for-stm32.13.3.rel1.win32_1.0.0.202411081344/tools/bin/../lib/gcc/arm-none-eabi/13.3.1/../../../../arm-none-eabi/lib/thumb/v7e-m+fp/hard\libc_nano.a(libc_a-sbrkr.o)
 .ARM.attributes
                0x000005bf       0x1c C:/Users/pc/Documents/STM32CubeIDE_1.19.0/STM32CubeIDE/plugins/com.st.stm32cube.ide.mcu.externaltools.gnu-tools-for-stm32.13.3.rel1.win32_1.0.0.202411081344/tools/bin/../lib/gcc/arm-none-eabi/13.3.1/../../../../arm-none-eabi/lib/thumb/v7e-m+fp/hard\libc_nano.a(libc_a-memchr.o)
 .ARM.attributes
                0x000005db       0x34 C:/Users/pc/Documents/STM32CubeIDE_1.19.0/STM32CubeIDE/plugins/com.st.stm32cube.ide.mcu.externaltools.gnu-tools-for-stm32.13.3.rel1.win32_1.0.0.202411081344/tools/bin/../lib/gcc/arm-none-eabi/13.3.1/../../../../arm-none-eabi/lib/thumb/v7e-m+fp/hard\libc_nano.a(libc_a-memcpy-stub.o)
 .ARM.attributes
                0x0000060f       0x34 C:/Users/pc/Documents/STM32CubeIDE_1.19.0/STM32CubeIDE/plugins/com.st.stm32cube.ide.mcu.externaltools.gnu-tools-for-stm32.13.3.rel1.win32_1.0.0.202411081344/tools/bin/../lib/gcc/arm-none-eabi/13.3.1/../../../../arm-none-eabi/lib/thumb/v7e-m+fp/hard\libc_nano.a(libc_a-reallocr.o)
 .ARM.attributes
                0x00000643       0x34 C:/Users/pc/Documents/STM32CubeIDE_1.19.0/STM32CubeIDE/plugins/com.st.stm32cube.ide.mcu.externaltools.gnu-tools-for-stm32.13.3.rel1.win32_1.0.0.202411081344/tools/bin/../lib/gcc/arm-none-eabi/13.3.1/../../../../arm-none-eabi/lib/thumb/v7e-m+fp/hard\libc_nano.a(libc_a-msizer.o)
 .ARM.attributes
                0x00000677       0x22 C:/Users/pc/Documents/STM32CubeIDE_1.19.0/STM32CubeIDE/plugins/com.st.stm32cube.ide.mcu.externaltools.gnu-tools-for-stm32.13.3.rel1.win32_1.0.0.202411081344/tools/bin/../lib/gcc/arm-none-eabi/13.3.1/thumb/v7e-m+fp/hard/crtn.o
OUTPUT(BAREMETAL_DRIVERS_V2.0.elf elf32-littlearm)
LOAD linker stubs
LOAD C:/Users/pc/Documents/STM32CubeIDE_1.19.0/STM32CubeIDE/plugins/com.st.stm32cube.ide.mcu.externaltools.gnu-tools-for-stm32.13.3.rel1.win32_1.0.0.202411081344/tools/bin/../lib/gcc/arm-none-eabi/13.3.1/../../../../arm-none-eabi/lib/thumb/v7e-m+fp/hard\libc.a
LOAD C:/Users/pc/Documents/STM32CubeIDE_1.19.0/STM32CubeIDE/plugins/com.st.stm32cube.ide.mcu.externaltools.gnu-tools-for-stm32.13.3.rel1.win32_1.0.0.202411081344/tools/bin/../lib/gcc/arm-none-eabi/13.3.1/../../../../arm-none-eabi/lib/thumb/v7e-m+fp/hard\libm.a
LOAD C:/Users/pc/Documents/STM32CubeIDE_1.19.0/STM32CubeIDE/plugins/com.st.stm32cube.ide.mcu.externaltools.gnu-tools-for-stm32.13.3.rel1.win32_1.0.0.202411081344/tools/bin/../lib/gcc/arm-none-eabi/13.3.1/thumb/v7e-m+fp/hard\libgcc.a

.debug_info     0x00000000     0x50c0
 .debug_info    0x00000000      0xc6a ./Core/DRIVERS_V2.0/ADC/ADC.o
 .debug_info    0x00000c6a      0x2ec ./Core/DRIVERS_V2.0/CLOCK/CLOCK.o
 .debug_info    0x00000f56      0x160 ./Core/DRIVERS_V2.0/DELAY/DELAY.o
 .debug_info    0x000010b6      0xae5 ./Core/DRIVERS_V2.0/EXTI/EXTI.o
 .debug_info    0x00001b9b      0x4ea ./Core/DRIVERS_V2.0/GPIO/GPIO.o
 .debug_info    0x00002085      0xe5d ./Core/DRIVERS_V2.0/I2C/I2C_INTERRUPT.o
 .debug_info    0x00002ee2      0xc75 ./Core/DRIVERS_V2.0/SPI/SPI_INTERRUPT.o
 .debug_info    0x00003b57      0x9cf ./Core/DRIVERS_V2.0/UART/UART.o
 .debug_info    0x00004526      0x3c0 ./Core/Src/main.o
 .debug_info    0x000048e6       0xf8 ./Core/Src/stm32f4xx_it.o
 .debug_info    0x000049de      0x168 ./Core/Src/sysmem.o
 .debug_info    0x00004b46      0x54a ./Core/Src/system_stm32f4xx.o
 .debug_info    0x00005090       0x30 ./Core/Startup/startup_stm32f446retx.o

.debug_abbrev   0x00000000     0x12f5
 .debug_abbrev  0x00000000      0x23f ./Core/DRIVERS_V2.0/ADC/ADC.o
 .debug_abbrev  0x0000023f       0xb5 ./Core/DRIVERS_V2.0/CLOCK/CLOCK.o
 .debug_abbrev  0x000002f4      0x111 ./Core/DRIVERS_V2.0/DELAY/DELAY.o
 .debug_abbrev  0x00000405      0x24a ./Core/DRIVERS_V2.0/EXTI/EXTI.o
 .debug_abbrev  0x0000064f      0x187 ./Core/DRIVERS_V2.0/GPIO/GPIO.o
 .debug_abbrev  0x000007d6      0x28f ./Core/DRIVERS_V2.0/I2C/I2C_INTERRUPT.o
 .debug_abbrev  0x00000a65      0x243 ./Core/DRIVERS_V2.0/SPI/SPI_INTERRUPT.o
 .debug_abbrev  0x00000ca8      0x23b ./Core/DRIVERS_V2.0/UART/UART.o
 .debug_abbrev  0x00000ee3      0x1d1 ./Core/Src/main.o
 .debug_abbrev  0x000010b4       0x47 ./Core/Src/stm32f4xx_it.o
 .debug_abbrev  0x000010fb       0xbc ./Core/Src/sysmem.o
 .debug_abbrev  0x000011b7      0x11a ./Core/Src/system_stm32f4xx.o
 .debug_abbrev  0x000012d1       0x24 ./Core/Startup/startup_stm32f446retx.o

.debug_aranges  0x00000000      0x368
 .debug_aranges
                0x00000000       0x68 ./Core/DRIVERS_V2.0/ADC/ADC.o
 .debug_aranges
                0x00000068       0x20 ./Core/DRIVERS_V2.0/CLOCK/CLOCK.o
 .debug_aranges
                0x00000088       0x38 ./Core/DRIVERS_V2.0/DELAY/DELAY.o
 .debug_aranges
                0x000000c0       0x80 ./Core/DRIVERS_V2.0/EXTI/EXTI.o
 .debug_aranges
                0x00000140       0x38 ./Core/DRIVERS_V2.0/GPIO/GPIO.o
 .debug_aranges
                0x00000178       0x58 ./Core/DRIVERS_V2.0/I2C/I2C_INTERRUPT.o
 .debug_aranges
                0x000001d0       0x58 ./Core/DRIVERS_V2.0/SPI/SPI_INTERRUPT.o
 .debug_aranges
                0x00000228       0x50 ./Core/DRIVERS_V2.0/UART/UART.o
 .debug_aranges
                0x00000278       0x28 ./Core/Src/main.o
 .debug_aranges
                0x000002a0       0x58 ./Core/Src/stm32f4xx_it.o
 .debug_aranges
                0x000002f8       0x20 ./Core/Src/sysmem.o
 .debug_aranges
                0x00000318       0x28 ./Core/Src/system_stm32f4xx.o
 .debug_aranges
                0x00000340       0x28 ./Core/Startup/startup_stm32f446retx.o

.debug_rnglists
                0x00000000      0x265
 .debug_rnglists
                0x00000000       0x4d ./Core/DRIVERS_V2.0/ADC/ADC.o
 .debug_rnglists
                0x0000004d       0x14 ./Core/DRIVERS_V2.0/CLOCK/CLOCK.o
 .debug_rnglists
                0x00000061       0x25 ./Core/DRIVERS_V2.0/DELAY/DELAY.o
 .debug_rnglists
                0x00000086       0x61 ./Core/DRIVERS_V2.0/EXTI/EXTI.o
 .debug_rnglists
                0x000000e7       0x26 ./Core/DRIVERS_V2.0/GPIO/GPIO.o
 .debug_rnglists
                0x0000010d       0x42 ./Core/DRIVERS_V2.0/I2C/I2C_INTERRUPT.o
 .debug_rnglists
                0x0000014f       0x40 ./Core/DRIVERS_V2.0/SPI/SPI_INTERRUPT.o
 .debug_rnglists
                0x0000018f       0x39 ./Core/DRIVERS_V2.0/UART/UART.o
 .debug_rnglists
                0x000001c8       0x1a ./Core/Src/main.o
 .debug_rnglists
                0x000001e2       0x3d ./Core/Src/stm32f4xx_it.o
 .debug_rnglists
                0x0000021f       0x13 ./Core/Src/sysmem.o
 .debug_rnglists
                0x00000232       0x1a ./Core/Src/system_stm32f4xx.o
 .debug_rnglists
                0x0000024c       0x19 ./Core/Startup/startup_stm32f446retx.o

.debug_macro    0x00000000    0x1a48a
 .debug_macro   0x00000000       0xdc ./Core/DRIVERS_V2.0/ADC/ADC.o
 .debug_macro   0x000000dc      0xad8 ./Core/DRIVERS_V2.0/ADC/ADC.o
 .debug_macro   0x00000bb4       0x22 ./Core/DRIVERS_V2.0/ADC/ADC.o
 .debug_macro   0x00000bd6       0x8e ./Core/DRIVERS_V2.0/ADC/ADC.o
 .debug_macro   0x00000c64       0x51 ./Core/DRIVERS_V2.0/ADC/ADC.o
 .debug_macro   0x00000cb5      0x103 ./Core/DRIVERS_V2.0/ADC/ADC.o
 .debug_macro   0x00000db8       0x6a ./Core/DRIVERS_V2.0/ADC/ADC.o
 .debug_macro   0x00000e22      0x1df ./Core/DRIVERS_V2.0/ADC/ADC.o
 .debug_macro   0x00001001       0x28 ./Core/DRIVERS_V2.0/ADC/ADC.o
 .debug_macro   0x00001029       0x1c ./Core/DRIVERS_V2.0/ADC/ADC.o
 .debug_macro   0x00001045       0x22 ./Core/DRIVERS_V2.0/ADC/ADC.o
 .debug_macro   0x00001067       0xfb ./Core/DRIVERS_V2.0/ADC/ADC.o
 .debug_macro   0x00001162     0x1011 ./Core/DRIVERS_V2.0/ADC/ADC.o
 .debug_macro   0x00002173      0x11f ./Core/DRIVERS_V2.0/ADC/ADC.o
 .debug_macro   0x00002292    0x16749 ./Core/DRIVERS_V2.0/ADC/ADC.o
 .debug_macro   0x000189db      0x190 ./Core/DRIVERS_V2.0/ADC/ADC.o
 .debug_macro   0x00018b6b       0xc9 ./Core/DRIVERS_V2.0/CLOCK/CLOCK.o
 .debug_macro   0x00018c34       0xc9 ./Core/DRIVERS_V2.0/DELAY/DELAY.o
 .debug_macro   0x00018cfd       0xd2 ./Core/DRIVERS_V2.0/EXTI/EXTI.o
 .debug_macro   0x00018dcf       0xc9 ./Core/DRIVERS_V2.0/GPIO/GPIO.o
 .debug_macro   0x00018e98       0xfe ./Core/DRIVERS_V2.0/I2C/I2C_INTERRUPT.o
 .debug_macro   0x00018f96       0xdd ./Core/DRIVERS_V2.0/SPI/SPI_INTERRUPT.o
 .debug_macro   0x00019073       0xdc ./Core/DRIVERS_V2.0/UART/UART.o
 .debug_macro   0x0001914f      0x303 ./Core/Src/main.o
 .debug_macro   0x00019452       0x61 ./Core/Src/main.o
 .debug_macro   0x000194b3       0x2a ./Core/Src/main.o
 .debug_macro   0x000194dd       0x43 ./Core/Src/main.o
 .debug_macro   0x00019520       0x34 ./Core/Src/main.o
 .debug_macro   0x00019554       0x16 ./Core/Src/main.o
 .debug_macro   0x0001956a       0x3c ./Core/Src/main.o
 .debug_macro   0x000195a6      0x370 ./Core/Src/main.o
 .debug_macro   0x00019916       0x10 ./Core/Src/main.o
 .debug_macro   0x00019926       0x16 ./Core/Src/main.o
 .debug_macro   0x0001993c       0x4a ./Core/Src/main.o
 .debug_macro   0x00019986       0x34 ./Core/Src/main.o
 .debug_macro   0x000199ba       0x10 ./Core/Src/main.o
 .debug_macro   0x000199ca       0x58 ./Core/Src/main.o
 .debug_macro   0x00019a22       0x8e ./Core/Src/main.o
 .debug_macro   0x00019ab0       0x1c ./Core/Src/main.o
 .debug_macro   0x00019acc      0x185 ./Core/Src/main.o
 .debug_macro   0x00019c51       0x16 ./Core/Src/main.o
 .debug_macro   0x00019c67       0x16 ./Core/Src/main.o
 .debug_macro   0x00019c7d      0x146 ./Core/Src/main.o
 .debug_macro   0x00019dc3      0x1c9 ./Core/Src/stm32f4xx_it.o
 .debug_macro   0x00019f8c      0x112 ./Core/Src/sysmem.o
 .debug_macro   0x0001a09e      0x23c ./Core/Src/sysmem.o
 .debug_macro   0x0001a2da      0x1b0 ./Core/Src/system_stm32f4xx.o

.debug_line     0x00000000     0x6860
 .debug_line    0x00000000      0x8da ./Core/DRIVERS_V2.0/ADC/ADC.o
 .debug_line    0x000008da      0x686 ./Core/DRIVERS_V2.0/CLOCK/CLOCK.o
 .debug_line    0x00000f60      0x643 ./Core/DRIVERS_V2.0/DELAY/DELAY.o
 .debug_line    0x000015a3      0xb75 ./Core/DRIVERS_V2.0/EXTI/EXTI.o
 .debug_line    0x00002118      0x6c1 ./Core/DRIVERS_V2.0/GPIO/GPIO.o
 .debug_line    0x000027d9      0xaf3 ./Core/DRIVERS_V2.0/I2C/I2C_INTERRUPT.o
 .debug_line    0x000032cc      0x952 ./Core/DRIVERS_V2.0/SPI/SPI_INTERRUPT.o
 .debug_line    0x00003c1e      0x791 ./Core/DRIVERS_V2.0/UART/UART.o
 .debug_line    0x000043af      0xd2e ./Core/Src/main.o
 .debug_line    0x000050dd      0x85d ./Core/Src/stm32f4xx_it.o
 .debug_line    0x0000593a      0x661 ./Core/Src/sysmem.o
 .debug_line    0x00005f9b      0x84b ./Core/Src/system_stm32f4xx.o
 .debug_line    0x000067e6       0x7a ./Core/Startup/startup_stm32f446retx.o

.debug_str      0x00000000    0xc5773
 .debug_str     0x00000000    0xc5773 ./Core/DRIVERS_V2.0/ADC/ADC.o
                              0x8b758 (size before relaxing)
 .debug_str     0x000c5773    0x8ab26 ./Core/DRIVERS_V2.0/CLOCK/CLOCK.o
 .debug_str     0x000c5773    0x8aa19 ./Core/DRIVERS_V2.0/DELAY/DELAY.o
 .debug_str     0x000c5773    0x8b694 ./Core/DRIVERS_V2.0/EXTI/EXTI.o
 .debug_str     0x000c5773    0x8acf3 ./Core/DRIVERS_V2.0/GPIO/GPIO.o
 .debug_str     0x000c5773    0x8b8f8 ./Core/DRIVERS_V2.0/I2C/I2C_INTERRUPT.o
 .debug_str     0x000c5773    0x8b499 ./Core/DRIVERS_V2.0/SPI/SPI_INTERRUPT.o
 .debug_str     0x000c5773    0x8b634 ./Core/DRIVERS_V2.0/UART/UART.o
 .debug_str     0x000c5773    0xc40cc ./Core/Src/main.o
 .debug_str     0x000c5773    0xc0825 ./Core/Src/stm32f4xx_it.o
 .debug_str     0x000c5773     0x7780 ./Core/Src/sysmem.o
 .debug_str     0x000c5773    0xc086a ./Core/Src/system_stm32f4xx.o
 .debug_str     0x000c5773       0x82 ./Core/Startup/startup_stm32f446retx.o

.comment        0x00000000       0x43
 .comment       0x00000000       0x43 ./Core/DRIVERS_V2.0/ADC/ADC.o
                                 0x44 (size before relaxing)
 .comment       0x00000043       0x44 ./Core/DRIVERS_V2.0/CLOCK/CLOCK.o
 .comment       0x00000043       0x44 ./Core/DRIVERS_V2.0/DELAY/DELAY.o
 .comment       0x00000043       0x44 ./Core/DRIVERS_V2.0/EXTI/EXTI.o
 .comment       0x00000043       0x44 ./Core/DRIVERS_V2.0/GPIO/GPIO.o
 .comment       0x00000043       0x44 ./Core/DRIVERS_V2.0/I2C/I2C_INTERRUPT.o
 .comment       0x00000043       0x44 ./Core/DRIVERS_V2.0/SPI/SPI_INTERRUPT.o
 .comment       0x00000043       0x44 ./Core/DRIVERS_V2.0/UART/UART.o
 .comment       0x00000043       0x44 ./Core/Src/main.o
 .comment       0x00000043       0x44 ./Core/Src/stm32f4xx_it.o
 .comment       0x00000043       0x44 ./Core/Src/sysmem.o
 .comment       0x00000043       0x44 ./Core/Src/system_stm32f4xx.o

.debug_frame    0x00000000      0xf88
 .debug_frame   0x00000000      0x198 ./Core/DRIVERS_V2.0/ADC/ADC.o
 .debug_frame   0x00000198       0x30 ./Core/DRIVERS_V2.0/CLOCK/CLOCK.o
 .debug_frame   0x000001c8       0xa0 ./Core/DRIVERS_V2.0/DELAY/DELAY.o
 .debug_frame   0x00000268      0x1bc ./Core/DRIVERS_V2.0/EXTI/EXTI.o
 .debug_frame   0x00000424       0xac ./Core/DRIVERS_V2.0/GPIO/GPIO.o
 .debug_frame   0x000004d0      0x134 ./Core/DRIVERS_V2.0/I2C/I2C_INTERRUPT.o
 .debug_frame   0x00000604      0x13c ./Core/DRIVERS_V2.0/SPI/SPI_INTERRUPT.o
 .debug_frame   0x00000740      0x118 ./Core/DRIVERS_V2.0/UART/UART.o
 .debug_frame   0x00000858       0x50 ./Core/Src/main.o
 .debug_frame   0x000008a8       0xe8 ./Core/Src/stm32f4xx_it.o
 .debug_frame   0x00000990       0x34 ./Core/Src/sysmem.o
 .debug_frame   0x000009c4       0x58 ./Core/Src/system_stm32f4xx.o
 .debug_frame   0x00000a1c      0x144 C:/Users/pc/Documents/STM32CubeIDE_1.19.0/STM32CubeIDE/plugins/com.st.stm32cube.ide.mcu.externaltools.gnu-tools-for-stm32.13.3.rel1.win32_1.0.0.202411081344/tools/bin/../lib/gcc/arm-none-eabi/13.3.1/../../../../arm-none-eabi/lib/thumb/v7e-m+fp/hard\libc_nano.a(libc_a-findfp.o)
 .debug_frame   0x00000b60       0x74 C:/Users/pc/Documents/STM32CubeIDE_1.19.0/STM32CubeIDE/plugins/com.st.stm32cube.ide.mcu.externaltools.gnu-tools-for-stm32.13.3.rel1.win32_1.0.0.202411081344/tools/bin/../lib/gcc/arm-none-eabi/13.3.1/../../../../arm-none-eabi/lib/thumb/v7e-m+fp/hard\libc_nano.a(libc_a-sprintf.o)
 .debug_frame   0x00000bd4       0x38 C:/Users/pc/Documents/STM32CubeIDE_1.19.0/STM32CubeIDE/plugins/com.st.stm32cube.ide.mcu.externaltools.gnu-tools-for-stm32.13.3.rel1.win32_1.0.0.202411081344/tools/bin/../lib/gcc/arm-none-eabi/13.3.1/../../../../arm-none-eabi/lib/thumb/v7e-m+fp/hard\libc_nano.a(libc_a-reent.o)
 .debug_frame   0x00000c0c       0x20 C:/Users/pc/Documents/STM32CubeIDE_1.19.0/STM32CubeIDE/plugins/com.st.stm32cube.ide.mcu.externaltools.gnu-tools-for-stm32.13.3.rel1.win32_1.0.0.202411081344/tools/bin/../lib/gcc/arm-none-eabi/13.3.1/../../../../arm-none-eabi/lib/thumb/v7e-m+fp/hard\libc_nano.a(libc_a-errno.o)
 .debug_frame   0x00000c2c       0x2c C:/Users/pc/Documents/STM32CubeIDE_1.19.0/STM32CubeIDE/plugins/com.st.stm32cube.ide.mcu.externaltools.gnu-tools-for-stm32.13.3.rel1.win32_1.0.0.202411081344/tools/bin/../lib/gcc/arm-none-eabi/13.3.1/../../../../arm-none-eabi/lib/thumb/v7e-m+fp/hard\libc_nano.a(libc_a-init.o)
 .debug_frame   0x00000c58       0xb0 C:/Users/pc/Documents/STM32CubeIDE_1.19.0/STM32CubeIDE/plugins/com.st.stm32cube.ide.mcu.externaltools.gnu-tools-for-stm32.13.3.rel1.win32_1.0.0.202411081344/tools/bin/../lib/gcc/arm-none-eabi/13.3.1/../../../../arm-none-eabi/lib/thumb/v7e-m+fp/hard\libc_nano.a(libc_a-lock.o)
 .debug_frame   0x00000d08       0x38 C:/Users/pc/Documents/STM32CubeIDE_1.19.0/STM32CubeIDE/plugins/com.st.stm32cube.ide.mcu.externaltools.gnu-tools-for-stm32.13.3.rel1.win32_1.0.0.202411081344/tools/bin/../lib/gcc/arm-none-eabi/13.3.1/../../../../arm-none-eabi/lib/thumb/v7e-m+fp/hard\libc_nano.a(libc_a-freer.o)
 .debug_frame   0x00000d40       0x50 C:/Users/pc/Documents/STM32CubeIDE_1.19.0/STM32CubeIDE/plugins/com.st.stm32cube.ide.mcu.externaltools.gnu-tools-for-stm32.13.3.rel1.win32_1.0.0.202411081344/tools/bin/../lib/gcc/arm-none-eabi/13.3.1/../../../../arm-none-eabi/lib/thumb/v7e-m+fp/hard\libc_nano.a(libc_a-mallocr.o)
 .debug_frame   0x00000d90       0x30 C:/Users/pc/Documents/STM32CubeIDE_1.19.0/STM32CubeIDE/plugins/com.st.stm32cube.ide.mcu.externaltools.gnu-tools-for-stm32.13.3.rel1.win32_1.0.0.202411081344/tools/bin/../lib/gcc/arm-none-eabi/13.3.1/../../../../arm-none-eabi/lib/thumb/v7e-m+fp/hard\libc_nano.a(libc_a-mlock.o)
 .debug_frame   0x00000dc0       0x90 C:/Users/pc/Documents/STM32CubeIDE_1.19.0/STM32CubeIDE/plugins/com.st.stm32cube.ide.mcu.externaltools.gnu-tools-for-stm32.13.3.rel1.win32_1.0.0.202411081344/tools/bin/../lib/gcc/arm-none-eabi/13.3.1/../../../../arm-none-eabi/lib/thumb/v7e-m+fp/hard\libc_nano.a(libc_a-nano-svfprintf.o)
 .debug_frame   0x00000e50       0x60 C:/Users/pc/Documents/STM32CubeIDE_1.19.0/STM32CubeIDE/plugins/com.st.stm32cube.ide.mcu.externaltools.gnu-tools-for-stm32.13.3.rel1.win32_1.0.0.202411081344/tools/bin/../lib/gcc/arm-none-eabi/13.3.1/../../../../arm-none-eabi/lib/thumb/v7e-m+fp/hard\libc_nano.a(libc_a-nano-vfprintf_i.o)
 .debug_frame   0x00000eb0       0x28 C:/Users/pc/Documents/STM32CubeIDE_1.19.0/STM32CubeIDE/plugins/com.st.stm32cube.ide.mcu.externaltools.gnu-tools-for-stm32.13.3.rel1.win32_1.0.0.202411081344/tools/bin/../lib/gcc/arm-none-eabi/13.3.1/../../../../arm-none-eabi/lib/thumb/v7e-m+fp/hard\libc_nano.a(libc_a-memmove.o)
 .debug_frame   0x00000ed8       0x2c C:/Users/pc/Documents/STM32CubeIDE_1.19.0/STM32CubeIDE/plugins/com.st.stm32cube.ide.mcu.externaltools.gnu-tools-for-stm32.13.3.rel1.win32_1.0.0.202411081344/tools/bin/../lib/gcc/arm-none-eabi/13.3.1/../../../../arm-none-eabi/lib/thumb/v7e-m+fp/hard\libc_nano.a(libc_a-sbrkr.o)
 .debug_frame   0x00000f04       0x28 C:/Users/pc/Documents/STM32CubeIDE_1.19.0/STM32CubeIDE/plugins/com.st.stm32cube.ide.mcu.externaltools.gnu-tools-for-stm32.13.3.rel1.win32_1.0.0.202411081344/tools/bin/../lib/gcc/arm-none-eabi/13.3.1/../../../../arm-none-eabi/lib/thumb/v7e-m+fp/hard\libc_nano.a(libc_a-memcpy-stub.o)
 .debug_frame   0x00000f2c       0x3c C:/Users/pc/Documents/STM32CubeIDE_1.19.0/STM32CubeIDE/plugins/com.st.stm32cube.ide.mcu.externaltools.gnu-tools-for-stm32.13.3.rel1.win32_1.0.0.202411081344/tools/bin/../lib/gcc/arm-none-eabi/13.3.1/../../../../arm-none-eabi/lib/thumb/v7e-m+fp/hard\libc_nano.a(libc_a-reallocr.o)
 .debug_frame   0x00000f68       0x20 C:/Users/pc/Documents/STM32CubeIDE_1.19.0/STM32CubeIDE/plugins/com.st.stm32cube.ide.mcu.externaltools.gnu-tools-for-stm32.13.3.rel1.win32_1.0.0.202411081344/tools/bin/../lib/gcc/arm-none-eabi/13.3.1/../../../../arm-none-eabi/lib/thumb/v7e-m+fp/hard\libc_nano.a(libc_a-msizer.o)

.debug_line_str
                0x00000000       0x66
 .debug_line_str
                0x00000000       0x66 ./Core/Startup/startup_stm32f446retx.o
