Archive member included to satisfy reference by file (symbol)

C:/Users/pc/Documents/STM32CubeIDE_1.19.0/STM32CubeIDE/plugins/com.st.stm32cube.ide.mcu.externaltools.gnu-tools-for-stm32.13.3.rel1.win32_1.0.0.202411081344/tools/bin/../lib/gcc/arm-none-eabi/13.3.1/../../../../arm-none-eabi/lib/thumb/v7e-m+fp/hard\libc_nano.a(libc_a-exit.o)
                              C:/Users/pc/Documents/STM32CubeIDE_1.19.0/STM32CubeIDE/plugins/com.st.stm32cube.ide.mcu.externaltools.gnu-tools-for-stm32.13.3.rel1.win32_1.0.0.202411081344/tools/bin/../lib/gcc/arm-none-eabi/13.3.1/../../../../arm-none-eabi/lib/thumb/v7e-m+fp/hard/crt0.o (exit)
C:/Users/pc/Documents/STM32CubeIDE_1.19.0/STM32CubeIDE/plugins/com.st.stm32cube.ide.mcu.externaltools.gnu-tools-for-stm32.13.3.rel1.win32_1.0.0.202411081344/tools/bin/../lib/gcc/arm-none-eabi/13.3.1/../../../../arm-none-eabi/lib/thumb/v7e-m+fp/hard\libc_nano.a(libc_a-findfp.o)
                              C:/Users/pc/Documents/STM32CubeIDE_1.19.0/STM32CubeIDE/plugins/com.st.stm32cube.ide.mcu.externaltools.gnu-tools-for-stm32.13.3.rel1.win32_1.0.0.202411081344/tools/bin/../lib/gcc/arm-none-eabi/13.3.1/../../../../arm-none-eabi/lib/thumb/v7e-m+fp/hard\libc_nano.a(libc_a-exit.o) (__stdio_exit_handler)
C:/Users/pc/Documents/STM32CubeIDE_1.19.0/STM32CubeIDE/plugins/com.st.stm32cube.ide.mcu.externaltools.gnu-tools-for-stm32.13.3.rel1.win32_1.0.0.202411081344/tools/bin/../lib/gcc/arm-none-eabi/13.3.1/../../../../arm-none-eabi/lib/thumb/v7e-m+fp/hard\libc_nano.a(libc_a-fwalk.o)
                              C:/Users/pc/Documents/STM32CubeIDE_1.19.0/STM32CubeIDE/plugins/com.st.stm32cube.ide.mcu.externaltools.gnu-tools-for-stm32.13.3.rel1.win32_1.0.0.202411081344/tools/bin/../lib/gcc/arm-none-eabi/13.3.1/../../../../arm-none-eabi/lib/thumb/v7e-m+fp/hard\libc_nano.a(libc_a-findfp.o) (_fwalk_sglue)
C:/Users/pc/Documents/STM32CubeIDE_1.19.0/STM32CubeIDE/plugins/com.st.stm32cube.ide.mcu.externaltools.gnu-tools-for-stm32.13.3.rel1.win32_1.0.0.202411081344/tools/bin/../lib/gcc/arm-none-eabi/13.3.1/../../../../arm-none-eabi/lib/thumb/v7e-m+fp/hard\libc_nano.a(libc_a-stdio.o)
                              C:/Users/pc/Documents/STM32CubeIDE_1.19.0/STM32CubeIDE/plugins/com.st.stm32cube.ide.mcu.externaltools.gnu-tools-for-stm32.13.3.rel1.win32_1.0.0.202411081344/tools/bin/../lib/gcc/arm-none-eabi/13.3.1/../../../../arm-none-eabi/lib/thumb/v7e-m+fp/hard\libc_nano.a(libc_a-findfp.o) (__sread)
C:/Users/pc/Documents/STM32CubeIDE_1.19.0/STM32CubeIDE/plugins/com.st.stm32cube.ide.mcu.externaltools.gnu-tools-for-stm32.13.3.rel1.win32_1.0.0.202411081344/tools/bin/../lib/gcc/arm-none-eabi/13.3.1/../../../../arm-none-eabi/lib/thumb/v7e-m+fp/hard\libc_nano.a(libc_a-memset.o)
                              C:/Users/pc/Documents/STM32CubeIDE_1.19.0/STM32CubeIDE/plugins/com.st.stm32cube.ide.mcu.externaltools.gnu-tools-for-stm32.13.3.rel1.win32_1.0.0.202411081344/tools/bin/../lib/gcc/arm-none-eabi/13.3.1/../../../../arm-none-eabi/lib/thumb/v7e-m+fp/hard/crt0.o (memset)
C:/Users/pc/Documents/STM32CubeIDE_1.19.0/STM32CubeIDE/plugins/com.st.stm32cube.ide.mcu.externaltools.gnu-tools-for-stm32.13.3.rel1.win32_1.0.0.202411081344/tools/bin/../lib/gcc/arm-none-eabi/13.3.1/../../../../arm-none-eabi/lib/thumb/v7e-m+fp/hard\libc_nano.a(libc_a-closer.o)
                              C:/Users/pc/Documents/STM32CubeIDE_1.19.0/STM32CubeIDE/plugins/com.st.stm32cube.ide.mcu.externaltools.gnu-tools-for-stm32.13.3.rel1.win32_1.0.0.202411081344/tools/bin/../lib/gcc/arm-none-eabi/13.3.1/../../../../arm-none-eabi/lib/thumb/v7e-m+fp/hard\libc_nano.a(libc_a-stdio.o) (_close_r)
C:/Users/pc/Documents/STM32CubeIDE_1.19.0/STM32CubeIDE/plugins/com.st.stm32cube.ide.mcu.externaltools.gnu-tools-for-stm32.13.3.rel1.win32_1.0.0.202411081344/tools/bin/../lib/gcc/arm-none-eabi/13.3.1/../../../../arm-none-eabi/lib/thumb/v7e-m+fp/hard\libc_nano.a(libc_a-reent.o)
                              C:/Users/pc/Documents/STM32CubeIDE_1.19.0/STM32CubeIDE/plugins/com.st.stm32cube.ide.mcu.externaltools.gnu-tools-for-stm32.13.3.rel1.win32_1.0.0.202411081344/tools/bin/../lib/gcc/arm-none-eabi/13.3.1/../../../../arm-none-eabi/lib/thumb/v7e-m+fp/hard\libc_nano.a(libc_a-closer.o) (errno)
C:/Users/pc/Documents/STM32CubeIDE_1.19.0/STM32CubeIDE/plugins/com.st.stm32cube.ide.mcu.externaltools.gnu-tools-for-stm32.13.3.rel1.win32_1.0.0.202411081344/tools/bin/../lib/gcc/arm-none-eabi/13.3.1/../../../../arm-none-eabi/lib/thumb/v7e-m+fp/hard\libc_nano.a(libc_a-impure.o)
                              C:/Users/pc/Documents/STM32CubeIDE_1.19.0/STM32CubeIDE/plugins/com.st.stm32cube.ide.mcu.externaltools.gnu-tools-for-stm32.13.3.rel1.win32_1.0.0.202411081344/tools/bin/../lib/gcc/arm-none-eabi/13.3.1/../../../../arm-none-eabi/lib/thumb/v7e-m+fp/hard\libc_nano.a(libc_a-reent.o) (_impure_ptr)
[...]
Memory Configuration

Name             Origin             Length             Attributes
RAM              0x20000000         0x00020000         xrw
FLASH            0x08000000         0x00080000         xr
*default*        0x00000000         0xffffffff

Linker script and memory map

LOAD C:/Users/pc/Documents/STM32CubeIDE_1.19.0/STM32CubeIDE/plugins/com.st.stm32cube.ide.mcu.externaltools.gnu-tools-for-stm32.13.3.rel1.win32_1.0.0.202411081344/tools/bin/../lib/gcc/arm-none-eabi/13.3.1/thumb/v7e-m+fp/hard/crti.o
LOAD C:/Users/pc/Documents/STM32CubeIDE_1.19.0/STM32CubeIDE/plugins/com.st.stm32cube.ide.mcu.externaltools.gnu-tools-for-stm32.13.3.rel1.win32_1.0.0.202411081344/tools/bin/../lib/gcc/arm-none-eabi/13.3.1/thumb/v7e-m+fp/hard/crtbegin.o
LOAD C:/Users/pc/Documents/STM32CubeIDE_1.19.0/STM32CubeIDE/plugins/com.st.stm32cube.ide.mcu.externaltools.gnu-tools-for-stm32.13.3.rel1.win32_1.0.0.202411081344/tools/bin/../lib/gcc/arm-none-eabi/13.3.1/../../../../arm-none-eabi/lib/thumb/v7e-m+fp/hard/crt0.o
LOAD ./Core/DRIVERS_V2.0/ADC/ADC.o
LOAD ./Core/DRIVERS_V2.0/ADC/ADC_DMA.o
LOAD ./Core/DRIVERS_V2.0/CLOCK/CLOCK.o
LOAD ./Core/DRIVERS_V2.0/DELAY/DELAY.o
LOAD ./Core/DRIVERS_V2.0/DMA/DMA.o
LOAD ./Core/DRIVERS_V2.0/GPIO/GPIO.o
LOAD ./Core/DRIVERS_V2.0/TIM/TIM.o
LOAD ./Core/DRIVERS_V2.0/TIM/TIM_IC.o
LOAD ./Core/DRIVERS_V2.0/TIM/TIM_OC.o
LOAD ./Core/DRIVERS_V2.0/UART/UART.o
LOAD ./Core/Src/main.o
LOAD ./Core/Src/stm32f4xx_hal_msp.o
LOAD ./Core/Src/stm32f4xx_it.o
LOAD ./Core/Src/syscalls.o
LOAD ./Core/Src/sysmem.o
LOAD ./Core/Src/system_stm32f4xx.o
LOAD ./Core/Startup/startup_stm32f446retx.o
LOAD ./Drivers/STM32F4xx_HAL_Driver/Src/stm32f4xx_hal.o
LOAD ./Drivers/STM32F4xx_HAL_Driver/Src/stm32f4xx_hal_cortex.o
LOAD ./Drivers/STM32F4xx_HAL_Driver/Src/stm32f4xx_hal_dma.o
LOAD ./Drivers/STM32F4xx_HAL_Driver/Src/stm32f4xx_hal_dma_ex.o
LOAD ./Drivers/STM32F4xx_HAL_Driver/Src/stm32f4xx_hal_exti.o
LOAD ./Drivers/STM32F4xx_HAL_Driver/Src/stm32f4xx_hal_flash.o
LOAD ./Drivers/STM32F4xx_HAL_Driver/Src/stm32f4xx_hal_flash_ex.o
LOAD ./Drivers/STM32F4xx_HAL_Driver/Src/stm32f4xx_hal_flash_ramfunc.o
LOAD ./Drivers/STM32F4xx_HAL_Driver/Src/stm32f4xx_hal_gpio.o
LOAD ./Drivers/STM32F4xx_HAL_Driver/Src/stm32f4xx_hal_pwr.o
LOAD ./Drivers/STM32F4xx_HAL_Driver/Src/stm32f4xx_hal_pwr_ex.o
LOAD ./Drivers/STM32F4xx_HAL_Driver/Src/stm32f4xx_hal_rcc.o
LOAD ./Drivers/STM32F4xx_HAL_Driver/Src/stm32f4xx_hal_rcc_ex.o
START GROUP
LOAD C:/Users/pc/Documents/STM32CubeIDE_1.19.0/STM32CubeIDE/plugins/com.st.stm32cube.ide.mcu.externaltools.gnu-tools-for-stm32.13.3.rel1.win32_1.0.0.202411081344/tools/bin/../lib/gcc/arm-none-eabi/13.3.1/../../../../arm-none-eabi/lib/thumb/v7e-m+fp/hard\libc_nano.a
LOAD C:/Users/pc/Documents/STM32CubeIDE_1.19.0/STM32CubeIDE/plugins/com.st.stm32cube.ide.mcu.externaltools.gnu-tools-for-stm32.13.3.rel1.win32_1.0.0.202411081344/tools/bin/../lib/gcc/arm-none-eabi/13.3.1/../../../../arm-none-eabi/lib/thumb/v7e-m+fp/hard\libm.a
END GROUP
START GROUP
LOAD C:/Users/pc/Documents/STM32CubeIDE_1.19.0/STM32CubeIDE/plugins/com.st.stm32cube.ide.mcu.externaltools.gnu-tools-for-stm32.13.3.rel1.win32_1.0.0.202411081344/tools/bin/../lib/gcc/arm-none-eabi/13.3.1/thumb/v7e-m+fp/hard\libgcc.a
LOAD C:/Users/pc/Documents/STM32CubeIDE_1.19.0/STM32CubeIDE/plugins/com.st.stm32cube.ide.mcu.externaltools.gnu-tools-for-stm32.13.3.rel1.win32_1.0.0.202411081344/tools/bin/../lib/gcc/arm-none-eabi/13.3.1/../../../../arm-none-eabi/lib/thumb/v7e-m+fp/hard\libc_nano.a
END GROUP
START GROUP
LOAD C:/Users/pc/Documents/STM32CubeIDE_1.19.0/STM32CubeIDE/plugins/com.st.stm32cube.ide.mcu.externaltools.gnu-tools-for-stm32.13.3.rel1.win32_1.0.0.202411081344/tools/bin/../lib/gcc/arm-none-eabi/13.3.1/thumb/v7e-m+fp/hard\libgcc.a
LOAD C:/Users/pc/Documents/STM32CubeIDE_1.19.0/STM32CubeIDE/plugins/com.st.stm32cube.ide.mcu.externaltools.gnu-tools-for-stm32.13.3.rel1.win32_1.0.0.202411081344/tools/bin/../lib/gcc/arm-none-eabi/13.3.1/../../../../arm-none-eabi/lib/thumb/v7e-m+fp/hard\libc_nano.a
LOAD C:/Users/pc/Documents/STM32CubeIDE_1.19.0/STM32CubeIDE/plugins/com.st.stm32cube.ide.mcu.externaltools.gnu-tools-for-stm32.13.3.rel1.win32_1.0.0.202411081344/tools/bin/../lib/gcc/arm-none-eabi/13.3.1/../../../../arm-none-eabi/lib/thumb/v7e-m+fp/hard\libnosys.a
END GROUP
START GROUP
LOAD C:/Users/pc/Documents/STM32CubeIDE_1.19.0/STM32CubeIDE/plugins/com.st.stm32cube.ide.mcu.externaltools.gnu-tools-for-stm32.13.3.rel1.win32_1.0.0.202411081344/tools/bin/../lib/gcc/arm-none-eabi/13.3.1/thumb/v7e-m+fp/hard\libgcc.a
LOAD C:/Users/pc/Documents/STM32CubeIDE_1.19.0/STM32CubeIDE/plugins/com.st.stm32cube.ide.mcu.externaltools.gnu-tools-for-stm32.13.3.rel1.win32_1.0.0.202411081344/tools/bin/../lib/gcc/arm-none-eabi/13.3.1/../../../../arm-none-eabi/lib/thumb/v7e-m+fp/hard\libc_nano.a
LOAD C:/Users/pc/Documents/STM32CubeIDE_1.19.0/STM32CubeIDE/plugins/com.st.stm32cube.ide.mcu.externaltools.gnu-tools-for-stm32.13.3.rel1.win32_1.0.0.202411081344/tools/bin/../lib/gcc/arm-none-eabi/13.3.1/../../../../arm-none-eabi/lib/thumb/v7e-m+fp/hard\libnosys.a
END GROUP
LOAD C:/Users/pc/Documents/STM32CubeIDE_1.19.0/STM32CubeIDE/plugins/com.st.stm32cube.ide.mcu.externaltools.gnu-tools-for-stm32.13.3.rel1.win32_1.0.0.202411081344/tools/bin/../lib/gcc/arm-none-eabi/13.3.1/thumb/v7e-m+fp/hard/crtend.o
LOAD C:/Users/pc/Documents/STM32CubeIDE_1.19.0/STM32CubeIDE/plugins/com.st.stm32cube.ide.mcu.externaltools.gnu-tools-for-stm32.13.3.rel1.win32_1.0.0.202411081344/tools/bin/../lib/gcc/arm-none-eabi/13.3.1/thumb/v7e-m+fp/hard/crtn.o
                0x20020000                        _estack = (ORIGIN (RAM) + LENGTH (RAM))
                0x00000200                        _Min_Heap_Size = 0x200
                0x00000400                        _Min_Stack_Size = 0x400

.isr_vector     0x08000000      0x1c4
                0x08000000                        . = ALIGN (0x4)
 *(.isr_vector)
 .isr_vector    0x08000000      0x1c4 ./Core/Startup/startup_stm32f446retx.o
                0x08000000                g_pfnVectors
                0x080001c4                        . = ALIGN (0x4)

.text           0x080001c4      0x9e8
                0x080001c4                        . = ALIGN (0x4)
 *(.text)
 .text          0x080001c4       0x40 C:/Users/pc/Documents/STM32CubeIDE_1.19.0/STM32CubeIDE/plugins/com.st.stm32cube.ide.mcu.externaltools.gnu-tools-for-stm32.13.3.rel1.win32_1.0.0.202411081344/tools/bin/../lib/gcc/arm-none-eabi/13.3.1/thumb/v7e-m+fp/hard/crtbegin.o
 *(.text*)
 .text.system_clk_180mhz
                0x08000204      0x138 ./Core/DRIVERS_V2.0/CLOCK/CLOCK.o
                0x08000204                system_clk_180mhz
 .text.systick_init
                0x0800033c       0x28 ./Core/DRIVERS_V2.0/DELAY/DELAY.o
                0x0800033c                systick_init
 .text.delay_ms
                0x08000364       0x30 ./Core/DRIVERS_V2.0/DELAY/DELAY.o
                0x08000364                delay_ms
 .text.SysTick_Handler
                0x08000394       0x1c ./Core/DRIVERS_V2.0/DELAY/DELAY.o
                0x08000394                SysTick_Handler
 .text.port_setup
                0x080003b0       0x64 ./Core/DRIVERS_V2.0/GPIO/GPIO.o
 .text.GPIO_init
                0x08000414       0xdc ./Core/DRIVERS_V2.0/GPIO/GPIO.o
                0x08000414                GPIO_init
 .text.tim_on   0x080004f0       0xe4 ./Core/DRIVERS_V2.0/TIM/TIM.o
 .text.TIMx_init
                0x080005d4       0x5a ./Core/DRIVERS_V2.0/TIM/TIM.o
                0x080005d4                TIMx_init
 .text.TIMx_start
                0x0800062e       0x20 ./Core/DRIVERS_V2.0/TIM/TIM.o
                0x0800062e                TIMx_start
 *fill*         0x0800064e        0x2 
 .text.pick_ccmr_shift
                0x08000650       0x70 ./Core/DRIVERS_V2.0/TIM/TIM_OC.o
 .text.ccr      0x080006c0       0x70 ./Core/DRIVERS_V2.0/TIM/TIM_OC.o
 .text.TIMx_OC_init
                0x08000730       0xe4 ./Core/DRIVERS_V2.0/TIM/TIM_OC.o
                0x08000730                TIMx_OC_init
 .text.__NVIC_EnableIRQ
                0x08000814       0x3c ./Core/DRIVERS_V2.0/UART/UART.o
 .text.set_baud
                0x08000850       0x80 ./Core/DRIVERS_V2.0/UART/UART.o
 .text.UART2_init
                0x080008d0       0xb0 ./Core/DRIVERS_V2.0/UART/UART.o
                0x080008d0                UART2_init
 .text.USART2_IRQHandler
                0x08000980       0x44 ./Core/DRIVERS_V2.0/UART/UART.o
                0x08000980                USART2_IRQHandler
 .text.main     0x080009c4       0xbc ./Core/Src/main.o
                0x080009c4                main
 .text.NMI_Handler
                0x08000a80        0x8 ./Core/Src/stm32f4xx_it.o
                0x08000a80                NMI_Handler
 .text.HardFault_Handler
                0x08000a88        0x8 ./Core/Src/stm32f4xx_it.o
                0x08000a88                HardFault_Handler
 .text.MemManage_Handler
                0x08000a90        0x8 ./Core/Src/stm32f4xx_it.o
                0x08000a90                MemManage_Handler
 .text.BusFault_Handler
                0x08000a98        0x8 ./Core/Src/stm32f4xx_it.o
                0x08000a98                BusFault_Handler
 .text.UsageFault_Handler
                0x08000aa0        0x8 ./Core/Src/stm32f4xx_it.o
                0x08000aa0                UsageFault_Handler
 .text.SVC_Handler
                0x08000aa8        0xe ./Core/Src/stm32f4xx_it.o
                0x08000aa8                SVC_Handler
 .text.DebugMon_Handler
                0x08000ab6        0xe ./Core/Src/stm32f4xx_it.o
                0x08000ab6                DebugMon_Handler
 .text.PendSV_Handler
                0x08000ac4        0xe ./Core/Src/stm32f4xx_it.o
                0x08000ac4                PendSV_Handler
 *fill*         0x08000ad2        0x2 
 .text.SystemInit
                0x08000ad4       0x24 ./Core/Src/system_stm32f4xx.o
                0x08000ad4                SystemInit
 .text.Reset_Handler
                0x08000af8       0x50 ./Core/Startup/startup_stm32f446retx.o
                0x08000af8                Reset_Handler
 .text.Default_Handler
                0x08000b48        0x2 ./Core/Startup/startup_stm32f446retx.o
                0x08000b48                RTC_Alarm_IRQHandler
                0x08000b48                EXTI2_IRQHandler
                0x08000b48                TIM8_CC_IRQHandler
                0x08000b48                FMPI2C1_EV_IRQHandler
                0x08000b48                SPI4_IRQHandler
                0x08000b48                TIM1_CC_IRQHandler
                0x08000b48                DMA2_Stream5_IRQHandler
                0x08000b48                DMA1_Stream5_IRQHandler
                0x08000b48                PVD_IRQHandler
                0x08000b48                SDIO_IRQHandler
                0x08000b48                TAMP_STAMP_IRQHandler
                0x08000b48                CAN2_RX1_IRQHandler
                0x08000b48                EXTI3_IRQHandler
                0x08000b48                TIM8_TRG_COM_TIM14_IRQHandler
                0x08000b48                TIM1_UP_TIM10_IRQHandler
                0x08000b48                TIM8_UP_TIM13_IRQHandler
                0x08000b48                I2C3_ER_IRQHandler
                0x08000b48                EXTI0_IRQHandler
                0x08000b48                I2C2_EV_IRQHandler
                0x08000b48                DMA1_Stream2_IRQHandler
                0x08000b48                CAN1_RX0_IRQHandler
                0x08000b48                FPU_IRQHandler
                0x08000b48                OTG_HS_WKUP_IRQHandler
                0x08000b48                CAN2_SCE_IRQHandler
                0x08000b48                DMA2_Stream2_IRQHandler
                0x08000b48                SPI1_IRQHandler
                0x08000b48                TIM6_DAC_IRQHandler
                0x08000b48                TIM1_BRK_TIM9_IRQHandler
                0x08000b48                DCMI_IRQHandler
                0x08000b48                CAN2_RX0_IRQHandler
                0x08000b48                DMA2_Stream3_IRQHandler
                0x08000b48                SAI2_IRQHandler
                0x08000b48                USART6_IRQHandler
                0x08000b48                USART3_IRQHandler
                0x08000b48                CAN1_RX1_IRQHandler
                0x08000b48                UART5_IRQHandler
                0x08000b48                DMA2_Stream0_IRQHandler
                0x08000b48                TIM4_IRQHandler
                0x08000b48                QUADSPI_IRQHandler
                0x08000b48                I2C1_EV_IRQHandler
                0x08000b48                DMA1_Stream6_IRQHandler
                0x08000b48                DMA1_Stream1_IRQHandler
                0x08000b48                UART4_IRQHandler
                0x08000b48                TIM3_IRQHandler
                0x08000b48                RCC_IRQHandler
                0x08000b48                TIM8_BRK_TIM12_IRQHandler
                0x08000b48                Default_Handler
                0x08000b48                CEC_IRQHandler
                0x08000b48                EXTI15_10_IRQHandler
                0x08000b48                ADC_IRQHandler
                0x08000b48                DMA1_Stream7_IRQHandler
                0x08000b48                TIM7_IRQHandler
                0x08000b48                CAN2_TX_IRQHandler
                0x08000b48                TIM5_IRQHandler
                0x08000b48                DMA2_Stream7_IRQHandler
                0x08000b48                I2C3_EV_IRQHandler
                0x08000b48                EXTI9_5_IRQHandler
                0x08000b48                RTC_WKUP_IRQHandler
                0x08000b48                SPDIF_RX_IRQHandler
                0x08000b48                SPI2_IRQHandler
                0x08000b48                OTG_HS_EP1_IN_IRQHandler
                0x08000b48                DMA1_Stream0_IRQHandler
                0x08000b48                CAN1_TX_IRQHandler
                0x08000b48                FMPI2C1_ER_IRQHandler
                0x08000b48                EXTI4_IRQHandler
                0x08000b48                OTG_HS_EP1_OUT_IRQHandler
                0x08000b48                WWDG_IRQHandler
                0x08000b48                TIM2_IRQHandler
                0x08000b48                OTG_FS_WKUP_IRQHandler
                0x08000b48                TIM1_TRG_COM_TIM11_IRQHandler
                0x08000b48                OTG_HS_IRQHandler
                0x08000b48                EXTI1_IRQHandler
                0x08000b48                I2C2_ER_IRQHandler
                0x08000b48                DMA2_Stream1_IRQHandler
                0x08000b48                CAN1_SCE_IRQHandler
                0x08000b48                FLASH_IRQHandler
                0x08000b48                DMA2_Stream4_IRQHandler
                0x08000b48                USART1_IRQHandler
                0x08000b48                OTG_FS_IRQHandler
                0x08000b48                SPI3_IRQHandler
                0x08000b48                DMA1_Stream4_IRQHandler
                0x08000b48                I2C1_ER_IRQHandler
                0x08000b48                FMC_IRQHandler
                0x08000b48                DMA2_Stream6_IRQHandler
                0x08000b48                SAI1_IRQHandler
                0x08000b48                DMA1_Stream3_IRQHandler
 *fill*         0x08000b4a        0x2 
 .text.__libc_init_array
                0x08000b4c       0x48 C:/Users/pc/Documents/STM32CubeIDE_1.19.0/STM32CubeIDE/plugins/com.st.stm32cube.ide.mcu.externaltools.gnu-tools-for-stm32.13.3.rel1.win32_1.0.0.202411081344/tools/bin/../lib/gcc/arm-none-eabi/13.3.1/../../../../arm-none-eabi/lib/thumb/v7e-m+fp/hard\libc_nano.a(libc_a-init.o)
                0x08000b4c                __libc_init_array
 *(.glue_7)
 .glue_7        0x08000b94        0x0 linker stubs
 *(.glue_7t)
 .glue_7t       0x08000b94        0x0 linker stubs
 *(.eh_frame)
 .eh_frame      0x08000b94        0x0 C:/Users/pc/Documents/STM32CubeIDE_1.19.0/STM32CubeIDE/plugins/com.st.stm32cube.ide.mcu.externaltools.gnu-tools-for-stm32.13.3.rel1.win32_1.0.0.202411081344/tools/bin/../lib/gcc/arm-none-eabi/13.3.1/thumb/v7e-m+fp/hard/crtbegin.o
 *(.init)
 .init          0x08000b94        0x4 C:/Users/pc/Documents/STM32CubeIDE_1.19.0/STM32CubeIDE/plugins/com.st.stm32cube.ide.mcu.externaltools.gnu-tools-for-stm32.13.3.rel1.win32_1.0.0.202411081344/tools/bin/../lib/gcc/arm-none-eabi/13.3.1/thumb/v7e-m+fp/hard/crti.o
                0x08000b94                _init
 .init          0x08000b98        0x8 C:/Users/pc/Documents/STM32CubeIDE_1.19.0/STM32CubeIDE/plugins/com.st.stm32cube.ide.mcu.externaltools.gnu-tools-for-stm32.13.3.rel1.win32_1.0.0.202411081344/tools/bin/../lib/gcc/arm-none-eabi/13.3.1/thumb/v7e-m+fp/hard/crtn.o
 *(.fini)
 .fini          0x08000ba0        0x4 C:/Users/pc/Documents/STM32CubeIDE_1.19.0/STM32CubeIDE/plugins/com.st.stm32cube.ide.mcu.externaltools.gnu-tools-for-stm32.13.3.rel1.win32_1.0.0.202411081344/tools/bin/../lib/gcc/arm-none-eabi/13.3.1/thumb/v7e-m+fp/hard/crti.o
                0x08000ba0                _fini
 .fini          0x08000ba4        0x8 C:/Users/pc/Documents/STM32CubeIDE_1.19.0/STM32CubeIDE/plugins/com.st.stm32cube.ide.mcu.externaltools.gnu-tools-for-stm32.13.3.rel1.win32_1.0.0.202411081344/tools/bin/../lib/gcc/arm-none-eabi/13.3.1/thumb/v7e-m+fp/hard/crtn.o
                0x08000bac                        . = ALIGN (0x4)
                0x08000bac                        _etext = .

.vfp11_veneer   0x08000bac        0x0
 .vfp11_veneer  0x08000bac        0x0 linker stubs

.v4_bx          0x08000bac        0x0
 .v4_bx         0x08000bac        0x0 linker stubs

.iplt           0x08000bac        0x0
 .iplt          0x08000bac        0x0 C:/Users/pc/Documents/STM32CubeIDE_1.19.0/STM32CubeIDE/plugins/com.st.stm32cube.ide.mcu.externaltools.gnu-tools-for-stm32.13.3.rel1.win32_1.0.0.202411081344/tools/bin/../lib/gcc/arm-none-eabi/13.3.1/thumb/v7e-m+fp/hard/crtbegin.o

.rodata         0x08000bac       0x24
                0x08000bac                        . = ALIGN (0x4)
 *(.rodata)
 .rodata        0x08000bac        0xd ./Core/DRIVERS_V2.0/UART/UART.o
 *fill*         0x08000bb9        0x3 
 .rodata        0x08000bbc       0x14 ./Core/Src/main.o
 *(.rodata*)
                0x08000bd0                        . = ALIGN (0x4)

.ARM.extab      0x08000bd0        0x0
                0x08000bd0                        . = ALIGN (0x4)
 *(.ARM.extab* .gnu.linkonce.armextab.*)
                0x08000bd0                        . = ALIGN (0x4)

.ARM            0x08000bd0        0x0
                0x08000bd0                        . = ALIGN (0x4)
                0x08000bd0                        __exidx_start = .
 *(.ARM.exidx*)
                0x08000bd0                        __exidx_end = .
                0x08000bd0                        . = ALIGN (0x4)

.preinit_array  0x08000bd0        0x0
                0x08000bd0                        . = ALIGN (0x4)
                0x08000bd0                        PROVIDE (__preinit_array_start = .)
 *(.preinit_array*)
                0x08000bd0                        PROVIDE (__preinit_array_end = .)
                0x08000bd0                        . = ALIGN (0x4)

.init_array     0x08000bd0        0x4
                0x08000bd0                        . = ALIGN (0x4)
                0x08000bd0                        PROVIDE (__init_array_start = .)
 *(SORT_BY_NAME(.init_array.*))
 *(.init_array*)
 .init_array    0x08000bd0        0x4 C:/Users/pc/Documents/STM32CubeIDE_1.19.0/STM32CubeIDE/plugins/com.st.stm32cube.ide.mcu.externaltools.gnu-tools-for-stm32.13.3.rel1.win32_1.0.0.202411081344/tools/bin/../lib/gcc/arm-none-eabi/13.3.1/thumb/v7e-m+fp/hard/crtbegin.o
                0x08000bd4                        PROVIDE (__init_array_end = .)
                0x08000bd4                        . = ALIGN (0x4)

.fini_array     0x08000bd4        0x4
                0x08000bd4                        . = ALIGN (0x4)
                [!provide]                        PROVIDE (__fini_array_start = .)
 *(SORT_BY_NAME(.fini_array.*))
 *(.fini_array*)
 .fini_array    0x08000bd4        0x4 C:/Users/pc/Documents/STM32CubeIDE_1.19.0/STM32CubeIDE/plugins/com.st.stm32cube.ide.mcu.externaltools.gnu-tools-for-stm32.13.3.rel1.win32_1.0.0.202411081344/tools/bin/../lib/gcc/arm-none-eabi/13.3.1/thumb/v7e-m+fp/hard/crtbegin.o
                [!provide]                        PROVIDE (__fini_array_end = .)
                0x08000bd8                        . = ALIGN (0x4)
                0x08000bd8                        _sidata = LOADADDR (.data)

.rel.dyn        0x08000bd8        0x0
 .rel.iplt      0x08000bd8        0x0 C:/Users/pc/Documents/STM32CubeIDE_1.19.0/STM32CubeIDE/plugins/com.st.stm32cube.ide.mcu.externaltools.gnu-tools-for-stm32.13.3.rel1.win32_1.0.0.202411081344/tools/bin/../lib/gcc/arm-none-eabi/13.3.1/thumb/v7e-m+fp/hard/crtbegin.o

.data           0x20000000        0x0 load address 0x08000bd8
                0x20000000                        . = ALIGN (0x4)
                0x20000000                        _sdata = .
 *(.data)
 *(.data*)
 *(.RamFunc)
 *(.RamFunc*)
                0x20000000                        . = ALIGN (0x4)
                0x20000000                        _edata = .

.igot.plt       0x20000000        0x0 load address 0x08000bd8
 .igot.plt      0x20000000        0x0 C:/Users/pc/Documents/STM32CubeIDE_1.19.0/STM32CubeIDE/plugins/com.st.stm32cube.ide.mcu.externaltools.gnu-tools-for-stm32.13.3.rel1.win32_1.0.0.202411081344/tools/bin/../lib/gcc/arm-none-eabi/13.3.1/thumb/v7e-m+fp/hard/crtbegin.o
                0x20000000                        . = ALIGN (0x4)

.bss            0x20000000       0x28 load address 0x08000bd8
                0x20000000                        _sbss = .
                0x20000000                        __bss_start__ = _sbss
 *(.bss)
 .bss           0x20000000       0x1c C:/Users/pc/Documents/STM32CubeIDE_1.19.0/STM32CubeIDE/plugins/com.st.stm32cube.ide.mcu.externaltools.gnu-tools-for-stm32.13.3.rel1.win32_1.0.0.202411081344/tools/bin/../lib/gcc/arm-none-eabi/13.3.1/thumb/v7e-m+fp/hard/crtbegin.o
 *(.bss*)
 .bss.msticks   0x2000001c        0x4 ./Core/DRIVERS_V2.0/DELAY/DELAY.o
                0x2000001c                msticks
 .bss.CCMRx     0x20000020        0x4 ./Core/DRIVERS_V2.0/TIM/TIM_OC.o
 .bss.shift     0x20000024        0x1 ./Core/DRIVERS_V2.0/TIM/TIM_OC.o
 .bss.shift_en  0x20000025        0x1 ./Core/DRIVERS_V2.0/TIM/TIM_OC.o
 .bss.data      0x20000026        0x1 ./Core/DRIVERS_V2.0/UART/UART.o
                0x20000026                data
 .bss.busy_flag
                0x20000027        0x1 ./Core/DRIVERS_V2.0/UART/UART.o
                0x20000027                busy_flag
 *(COMMON)
                0x20000028                        . = ALIGN (0x4)
                0x20000028                        _ebss = .
                0x20000028                        __bss_end__ = _ebss

._user_heap_stack
                0x20000028      0x600 load address 0x08000bd8
                0x20000028                        . = ALIGN (0x8)
                [!provide]                        PROVIDE (end = .)
                0x20000028                        PROVIDE (_end = .)
                0x20000228                        . = (. + _Min_Heap_Size)
 *fill*         0x20000028      0x200 
                0x20000628                        . = (. + _Min_Stack_Size)
 *fill*         0x20000228      0x400 
                0x20000628                        . = ALIGN (0x8)

/DISCARD/
 libc.a(*)
 libm.a(*)
 libgcc.a(*)

.ARM.attributes
                0x00000000       0x30
 *(.ARM.attributes)
 .ARM.attributes
                0x00000000       0x22 C:/Users/pc/Documents/STM32CubeIDE_1.19.0/STM32CubeIDE/plugins/com.st.stm32cube.ide.mcu.externaltools.gnu-tools-for-stm32.13.3.rel1.win32_1.0.0.202411081344/tools/bin/../lib/gcc/arm-none-eabi/13.3.1/thumb/v7e-m+fp/hard/crti.o
 .ARM.attributes
                0x00000022       0x34 C:/Users/pc/Documents/STM32CubeIDE_1.19.0/STM32CubeIDE/plugins/com.st.stm32cube.ide.mcu.externaltools.gnu-tools-for-stm32.13.3.rel1.win32_1.0.0.202411081344/tools/bin/../lib/gcc/arm-none-eabi/13.3.1/thumb/v7e-m+fp/hard/crtbegin.o
 .ARM.attributes
                0x00000056       0x34 ./Core/DRIVERS_V2.0/CLOCK/CLOCK.o
 .ARM.attributes
                0x0000008a       0x34 ./Core/DRIVERS_V2.0/DELAY/DELAY.o
 .ARM.attributes
                0x000000be       0x34 ./Core/DRIVERS_V2.0/GPIO/GPIO.o
 .ARM.attributes
                0x000000f2       0x34 ./Core/DRIVERS_V2.0/TIM/TIM.o
 .ARM.attributes
                0x00000126       0x34 ./Core/DRIVERS_V2.0/TIM/TIM_OC.o
 .ARM.attributes
                0x0000015a       0x34 ./Core/DRIVERS_V2.0/UART/UART.o
 .ARM.attributes
                0x0000018e       0x34 ./Core/Src/main.o
 .ARM.attributes
                0x000001c2       0x34 ./Core/Src/stm32f4xx_it.o
 .ARM.attributes
                0x000001f6       0x34 ./Core/Src/system_stm32f4xx.o
 .ARM.attributes
                0x0000022a       0x21 ./Core/Startup/startup_stm32f446retx.o
 .ARM.attributes
                0x0000024b       0x34 C:/Users/pc/Documents/STM32CubeIDE_1.19.0/STM32CubeIDE/plugins/com.st.stm32cube.ide.mcu.externaltools.gnu-tools-for-stm32.13.3.rel1.win32_1.0.0.202411081344/tools/bin/../lib/gcc/arm-none-eabi/13.3.1/../../../../arm-none-eabi/lib/thumb/v7e-m+fp/hard\libc_nano.a(libc_a-init.o)
 .ARM.attributes
                0x0000027f       0x22 C:/Users/pc/Documents/STM32CubeIDE_1.19.0/STM32CubeIDE/plugins/com.st.stm32cube.ide.mcu.externaltools.gnu-tools-for-stm32.13.3.rel1.win32_1.0.0.202411081344/tools/bin/../lib/gcc/arm-none-eabi/13.3.1/thumb/v7e-m+fp/hard/crtn.o
OUTPUT(BAREMETAL_DRIVERS_V2.0.elf elf32-littlearm)
LOAD linker stubs
LOAD C:/Users/pc/Documents/STM32CubeIDE_1.19.0/STM32CubeIDE/plugins/com.st.stm32cube.ide.mcu.externaltools.gnu-tools-for-stm32.13.3.rel1.win32_1.0.0.202411081344/tools/bin/../lib/gcc/arm-none-eabi/13.3.1/../../../../arm-none-eabi/lib/thumb/v7e-m+fp/hard\libc.a
LOAD C:/Users/pc/Documents/STM32CubeIDE_1.19.0/STM32CubeIDE/plugins/com.st.stm32cube.ide.mcu.externaltools.gnu-tools-for-stm32.13.3.rel1.win32_1.0.0.202411081344/tools/bin/../lib/gcc/arm-none-eabi/13.3.1/../../../../arm-none-eabi/lib/thumb/v7e-m+fp/hard\libm.a
LOAD C:/Users/pc/Documents/STM32CubeIDE_1.19.0/STM32CubeIDE/plugins/com.st.stm32cube.ide.mcu.externaltools.gnu-tools-for-stm32.13.3.rel1.win32_1.0.0.202411081344/tools/bin/../lib/gcc/arm-none-eabi/13.3.1/thumb/v7e-m+fp/hard\libgcc.a

.debug_info     0x00000000     0x28c3
 .debug_info    0x00000000      0x2ec ./Core/DRIVERS_V2.0/CLOCK/CLOCK.o
 .debug_info    0x000002ec      0x160 ./Core/DRIVERS_V2.0/DELAY/DELAY.o
 .debug_info    0x0000044c      0x4ea ./Core/DRIVERS_V2.0/GPIO/GPIO.o
 .debug_info    0x00000936      0x4f1 ./Core/DRIVERS_V2.0/TIM/TIM.o
 .debug_info    0x00000e27      0x48a ./Core/DRIVERS_V2.0/TIM/TIM_OC.o
 .debug_info    0x000012b1      0x986 ./Core/DRIVERS_V2.0/UART/UART.o
 .debug_info    0x00001c37      0x61a ./Core/Src/main.o
 .debug_info    0x00002251       0xf8 ./Core/Src/stm32f4xx_it.o
 .debug_info    0x00002349      0x54a ./Core/Src/system_stm32f4xx.o
 .debug_info    0x00002893       0x30 ./Core/Startup/startup_stm32f446retx.o

.debug_abbrev   0x00000000      0xbad
 .debug_abbrev  0x00000000       0xb5 ./Core/DRIVERS_V2.0/CLOCK/CLOCK.o
 .debug_abbrev  0x000000b5      0x111 ./Core/DRIVERS_V2.0/DELAY/DELAY.o
 .debug_abbrev  0x000001c6      0x187 ./Core/DRIVERS_V2.0/GPIO/GPIO.o
 .debug_abbrev  0x0000034d      0x173 ./Core/DRIVERS_V2.0/TIM/TIM.o
 .debug_abbrev  0x000004c0      0x17f ./Core/DRIVERS_V2.0/TIM/TIM_OC.o
 .debug_abbrev  0x0000063f      0x230 ./Core/DRIVERS_V2.0/UART/UART.o
 .debug_abbrev  0x0000086f      0x1b9 ./Core/Src/main.o
 .debug_abbrev  0x00000a28       0x47 ./Core/Src/stm32f4xx_it.o
 .debug_abbrev  0x00000a6f      0x11a ./Core/Src/system_stm32f4xx.o
 .debug_abbrev  0x00000b89       0x24 ./Core/Startup/startup_stm32f446retx.o

.debug_aranges  0x00000000      0x228
 .debug_aranges
                0x00000000       0x20 ./Core/DRIVERS_V2.0/CLOCK/CLOCK.o
 .debug_aranges
                0x00000020       0x38 ./Core/DRIVERS_V2.0/DELAY/DELAY.o
 .debug_aranges
                0x00000058       0x38 ./Core/DRIVERS_V2.0/GPIO/GPIO.o
 .debug_aranges
                0x00000090       0x50 ./Core/DRIVERS_V2.0/TIM/TIM.o
 .debug_aranges
                0x000000e0       0x30 ./Core/DRIVERS_V2.0/TIM/TIM_OC.o
 .debug_aranges
                0x00000110       0x48 ./Core/DRIVERS_V2.0/UART/UART.o
 .debug_aranges
                0x00000158       0x28 ./Core/Src/main.o
 .debug_aranges
                0x00000180       0x58 ./Core/Src/stm32f4xx_it.o
 .debug_aranges
                0x000001d8       0x28 ./Core/Src/system_stm32f4xx.o
 .debug_aranges
                0x00000200       0x28 ./Core/Startup/startup_stm32f446retx.o

.debug_rnglists
                0x00000000      0x174
 .debug_rnglists
                0x00000000       0x14 ./Core/DRIVERS_V2.0/CLOCK/CLOCK.o
 .debug_rnglists
                0x00000014       0x25 ./Core/DRIVERS_V2.0/DELAY/DELAY.o
 .debug_rnglists
                0x00000039       0x26 ./Core/DRIVERS_V2.0/GPIO/GPIO.o
 .debug_rnglists
                0x0000005f       0x38 ./Core/DRIVERS_V2.0/TIM/TIM.o
 .debug_rnglists
                0x00000097       0x20 ./Core/DRIVERS_V2.0/TIM/TIM_OC.o
 .debug_rnglists
                0x000000b7       0x33 ./Core/DRIVERS_V2.0/UART/UART.o
 .debug_rnglists
                0x000000ea       0x1a ./Core/Src/main.o
 .debug_rnglists
                0x00000104       0x3d ./Core/Src/stm32f4xx_it.o
 .debug_rnglists
                0x00000141       0x1a ./Core/Src/system_stm32f4xx.o
 .debug_rnglists
                0x0000015b       0x19 ./Core/Startup/startup_stm32f446retx.o

.debug_macro    0x00000000     0x78c8
 .debug_macro   0x00000000       0xc9 ./Core/DRIVERS_V2.0/CLOCK/CLOCK.o
 .debug_macro   0x000000c9       0xc9 ./Core/DRIVERS_V2.0/DELAY/DELAY.o
 .debug_macro   0x00000192       0xc9 ./Core/DRIVERS_V2.0/GPIO/GPIO.o
 .debug_macro   0x0000025b       0xc9 ./Core/DRIVERS_V2.0/TIM/TIM.o
 .debug_macro   0x00000324       0xd3 ./Core/DRIVERS_V2.0/TIM/TIM_OC.o
 .debug_macro   0x000003f7       0xd3 ./Core/DRIVERS_V2.0/UART/UART.o
 .debug_macro   0x000004ca      0x2ef ./Core/Src/main.o
 .debug_macro   0x000007b9      0x28f ./Core/Src/main.o
 .debug_macro   0x00000a48       0x2e ./Core/Src/main.o
 .debug_macro   0x00000a76       0x6d ./Core/Src/main.o
 .debug_macro   0x00000ae3     0x368c ./Core/Src/main.o
 .debug_macro   0x0000416f      0x190 ./Core/Src/main.o
 .debug_macro   0x000042ff       0x5c ./Core/Src/main.o
 .debug_macro   0x0000435b      0xca5 ./Core/Src/main.o
 .debug_macro   0x00005000      0x9e9 ./Core/Src/main.o
 .debug_macro   0x000059e9      0x115 ./Core/Src/main.o
 .debug_macro   0x00005afe      0x1a0 ./Core/Src/main.o
 .debug_macro   0x00005c9e       0xa5 ./Core/Src/main.o
 .debug_macro   0x00005d43      0x16d ./Core/Src/main.o
 .debug_macro   0x00005eb0      0x287 ./Core/Src/main.o
 .debug_macro   0x00006137       0x5f ./Core/Src/main.o
 .debug_macro   0x00006196      0x236 ./Core/Src/main.o
 .debug_macro   0x000063cc      0x132 ./Core/Src/main.o
 .debug_macro   0x000064fe      0x29c ./Core/Src/main.o
 .debug_macro   0x0000679a       0x2e ./Core/Src/main.o
 .debug_macro   0x000067c8      0x127 ./Core/Src/main.o
 .debug_macro   0x000068ef       0xe8 ./Core/Src/main.o
 .debug_macro   0x000069d7       0x89 ./Core/Src/main.o
 .debug_macro   0x00006a60      0x126 ./Core/Src/main.o
 .debug_macro   0x00006b86       0x58 ./Core/Src/main.o
 .debug_macro   0x00006bde       0x61 ./Core/Src/main.o
 .debug_macro   0x00006c3f       0x2a ./Core/Src/main.o
 .debug_macro   0x00006c69       0x43 ./Core/Src/main.o
 .debug_macro   0x00006cac       0x34 ./Core/Src/main.o
 .debug_macro   0x00006ce0       0x16 ./Core/Src/main.o
 .debug_macro   0x00006cf6       0x3c ./Core/Src/main.o
 .debug_macro   0x00006d32      0x370 ./Core/Src/main.o
 .debug_macro   0x000070a2       0x10 ./Core/Src/main.o
 .debug_macro   0x000070b2       0x16 ./Core/Src/main.o
 .debug_macro   0x000070c8       0x4a ./Core/Src/main.o
 .debug_macro   0x00007112       0x34 ./Core/Src/main.o
 .debug_macro   0x00007146       0x10 ./Core/Src/main.o
 .debug_macro   0x00007156       0x58 ./Core/Src/main.o
 .debug_macro   0x000071ae       0x8e ./Core/Src/main.o
 .debug_macro   0x0000723c       0x1c ./Core/Src/main.o
 .debug_macro   0x00007258      0x185 ./Core/Src/main.o
 .debug_macro   0x000073dd       0x16 ./Core/Src/main.o
 .debug_macro   0x000073f3       0x16 ./Core/Src/main.o
 .debug_macro   0x00007409      0x146 ./Core/Src/main.o
 .debug_macro   0x0000754f      0x1c9 ./Core/Src/stm32f4xx_it.o
 .debug_macro   0x00007718      0x1b0 ./Core/Src/system_stm32f4xx.o

.debug_line     0x00000000     0x45ef
 .debug_line    0x00000000      0x686 ./Core/DRIVERS_V2.0/CLOCK/CLOCK.o
 .debug_line    0x00000686      0x643 ./Core/DRIVERS_V2.0/DELAY/DELAY.o
 .debug_line    0x00000cc9      0x6c1 ./Core/DRIVERS_V2.0/GPIO/GPIO.o
 .debug_line    0x0000138a      0x6f8 ./Core/DRIVERS_V2.0/TIM/TIM.o
 .debug_line    0x00001a82      0x6be ./Core/DRIVERS_V2.0/TIM/TIM_OC.o
 .debug_line    0x00002140      0x76a ./Core/DRIVERS_V2.0/UART/UART.o
 .debug_line    0x000028aa      0xc23 ./Core/Src/main.o
 .debug_line    0x000034cd      0x85d ./Core/Src/stm32f4xx_it.o
 .debug_line    0x00003d2a      0x84b ./Core/Src/system_stm32f4xx.o
 .debug_line    0x00004575       0x7a ./Core/Startup/startup_stm32f446retx.o

.debug_str      0x00000000    0xc4b05
 .debug_str     0x00000000    0xc4b05 ./Core/DRIVERS_V2.0/CLOCK/CLOCK.o
                              0x8ab26 (size before relaxing)
 .debug_str     0x000c4b05    0x8aa19 ./Core/DRIVERS_V2.0/DELAY/DELAY.o
 .debug_str     0x000c4b05    0x8acf3 ./Core/DRIVERS_V2.0/GPIO/GPIO.o
 .debug_str     0x000c4b05    0x8abe4 ./Core/DRIVERS_V2.0/TIM/TIM.o
 .debug_str     0x000c4b05    0x8abf7 ./Core/DRIVERS_V2.0/TIM/TIM_OC.o
 .debug_str     0x000c4b05    0x8b2aa ./Core/DRIVERS_V2.0/UART/UART.o
 .debug_str     0x000c4b05    0xc4348 ./Core/Src/main.o
 .debug_str     0x000c4b05    0xc0825 ./Core/Src/stm32f4xx_it.o
 .debug_str     0x000c4b05    0xc086a ./Core/Src/system_stm32f4xx.o
 .debug_str     0x000c4b05       0x82 ./Core/Startup/startup_stm32f446retx.o

.comment        0x00000000       0x43
 .comment       0x00000000       0x43 ./Core/DRIVERS_V2.0/CLOCK/CLOCK.o
                                 0x44 (size before relaxing)
 .comment       0x00000043       0x44 ./Core/DRIVERS_V2.0/DELAY/DELAY.o
 .comment       0x00000043       0x44 ./Core/DRIVERS_V2.0/GPIO/GPIO.o
 .comment       0x00000043       0x44 ./Core/DRIVERS_V2.0/TIM/TIM.o
 .comment       0x00000043       0x44 ./Core/DRIVERS_V2.0/TIM/TIM_OC.o
 .comment       0x00000043       0x44 ./Core/DRIVERS_V2.0/UART/UART.o
 .comment       0x00000043       0x44 ./Core/Src/main.o
 .comment       0x00000043       0x44 ./Core/Src/stm32f4xx_it.o
 .comment       0x00000043       0x44 ./Core/Src/system_stm32f4xx.o

.debug_frame    0x00000000      0x5c8
 .debug_frame   0x00000000       0x30 ./Core/DRIVERS_V2.0/CLOCK/CLOCK.o
 .debug_frame   0x00000030       0xa0 ./Core/DRIVERS_V2.0/DELAY/DELAY.o
 .debug_frame   0x000000d0       0xac ./Core/DRIVERS_V2.0/GPIO/GPIO.o
 .debug_frame   0x0000017c      0x124 ./Core/DRIVERS_V2.0/TIM/TIM.o
 .debug_frame   0x000002a0       0x84 ./Core/DRIVERS_V2.0/TIM/TIM_OC.o
 .debug_frame   0x00000324       0xf0 ./Core/DRIVERS_V2.0/UART/UART.o
 .debug_frame   0x00000414       0x48 ./Core/Src/main.o
 .debug_frame   0x0000045c       0xe8 ./Core/Src/stm32f4xx_it.o
 .debug_frame   0x00000544       0x58 ./Core/Src/system_stm32f4xx.o
 .debug_frame   0x0000059c       0x2c C:/Users/pc/Documents/STM32CubeIDE_1.19.0/STM32CubeIDE/plugins/com.st.stm32cube.ide.mcu.externaltools.gnu-tools-for-stm32.13.3.rel1.win32_1.0.0.202411081344/tools/bin/../lib/gcc/arm-none-eabi/13.3.1/../../../../arm-none-eabi/lib/thumb/v7e-m+fp/hard\libc_nano.a(libc_a-init.o)

.debug_line_str
                0x00000000       0x66
 .debug_line_str
                0x00000000       0x66 ./Core/Startup/startup_stm32f446retx.o
