../Core/DRIVERS_V2.0/ILI9341/ILI9341_STM32_Driver.c:94:6:ILI9341_SPI_Init	8	static
../Core/DRIVERS_V2.0/ILI9341/ILI9341_STM32_Driver.c:101:6:ILI9341_SPI_Send	16	static
../Core/DRIVERS_V2.0/ILI9341/ILI9341_STM32_Driver.c:106:6:ILI9341_Write_Command	16	static
../Core/DRIVERS_V2.0/ILI9341/ILI9341_STM32_Driver.c:119:6:ILI9341_Write_Data	16	static
../Core/DRIVERS_V2.0/ILI9341/ILI9341_STM32_Driver.c:132:6:ILI9341_Set_Address	24	static
../Core/DRIVERS_V2.0/ILI9341/ILI9341_STM32_Driver.c:149:6:ILI9341_Reset	8	static
../Core/DRIVERS_V2.0/ILI9341/ILI9341_STM32_Driver.c:165:6:ILI9341_Set_Rotation	24	static
../Core/DRIVERS_V2.0/ILI9341/ILI9341_STM32_Driver.c:201:6:ILI9341_Enable	8	static
../Core/DRIVERS_V2.0/ILI9341/ILI9341_STM32_Driver.c:207:6:ILI9341_Init	8	static
../Core/DRIVERS_V2.0/ILI9341/ILI9341_STM32_Driver.c:348:6:ILI9341_Draw_Colour	24	static
../Core/DRIVERS_V2.0/ILI9341/ILI9341_STM32_Driver.c:363:6:ILI9341_Draw_Colour_Burst	72	dynamic
../Core/DRIVERS_V2.0/ILI9341/ILI9341_STM32_Driver.c:406:6:ILI9341_Fill_Screen	16	static
../Core/DRIVERS_V2.0/ILI9341/ILI9341_STM32_Driver.c:417:6:ILI9341_Draw_Pixel	32	static
../Core/DRIVERS_V2.0/ILI9341/ILI9341_STM32_Driver.c:499:6:ILI9341_Draw_Rectangle	24	static
../Core/DRIVERS_V2.0/ILI9341/ILI9341_STM32_Driver.c:514:6:ILI9341_Draw_Horizontal_Line	24	static
../Core/DRIVERS_V2.0/ILI9341/ILI9341_STM32_Driver.c:526:6:ILI9341_Draw_Vertical_Line	24	static
