../Core/DRIVERS_V2.0/ILI9341/ILI9341_STM32_Driver.c:96:6:ILI9341_SPI_Init	8	static
../Core/DRIVERS_V2.0/ILI9341/ILI9341_STM32_Driver.c:104:6:ILI9341_SPI_Send	16	static
../Core/DRIVERS_V2.0/ILI9341/ILI9341_STM32_Driver.c:110:6:ILI9341_Write_Command	16	static
../Core/DRIVERS_V2.0/ILI9341/ILI9341_STM32_Driver.c:128:6:ILI9341_Write_Data	16	static
../Core/DRIVERS_V2.0/ILI9341/ILI9341_STM32_Driver.c:146:6:ILI9341_Set_Address	24	static
../Core/DRIVERS_V2.0/ILI9341/ILI9341_STM32_Driver.c:163:6:ILI9341_Reset	8	static
../Core/DRIVERS_V2.0/ILI9341/ILI9341_STM32_Driver.c:182:6:ILI9341_Set_Rotation	24	static
../Core/DRIVERS_V2.0/ILI9341/ILI9341_STM32_Driver.c:219:6:ILI9341_Enable	8	static
../Core/DRIVERS_V2.0/ILI9341/ILI9341_STM32_Driver.c:226:6:ILI9341_Init	8	static
../Core/DRIVERS_V2.0/ILI9341/ILI9341_STM32_Driver.c:367:6:ILI9341_Draw_Colour	24	static
../Core/DRIVERS_V2.0/ILI9341/ILI9341_STM32_Driver.c:387:6:ILI9341_Draw_Colour_Burst	72	dynamic
../Core/DRIVERS_V2.0/ILI9341/ILI9341_STM32_Driver.c:434:6:ILI9341_Fill_Screen	16	static
../Core/DRIVERS_V2.0/ILI9341/ILI9341_STM32_Driver.c:445:6:ILI9341_Draw_Pixel	32	static
../Core/DRIVERS_V2.0/ILI9341/ILI9341_STM32_Driver.c:560:6:ILI9341_Draw_Rectangle	24	static
../Core/DRIVERS_V2.0/ILI9341/ILI9341_STM32_Driver.c:575:6:ILI9341_Draw_Horizontal_Line	24	static
../Core/DRIVERS_V2.0/ILI9341/ILI9341_STM32_Driver.c:587:6:ILI9341_Draw_Vertical_Line	24	static
