../Drivers/CMSIS/Include/core_cm4.h:1684:22:__NVIC_EnableIRQ	16	static,ignoring_inline_asm
../Core/DRIVERS_V2.0/EXTI/EXTI.c:26:23:port_shift	16	static
../Core/DRIVERS_V2.0/EXTI/EXTI.c:34:20:exti_edge_setup	16	static
../Core/DRIVERS_V2.0/EXTI/EXTI.c:45:20:en_NVIC	16	static
../Core/DRIVERS_V2.0/EXTI/EXTI.c:73:6:EXTIx_init	24	static
../Core/DRIVERS_V2.0/EXTI/EXTI.c:92:6:EXTIx_register_callbacks	16	static
../Core/DRIVERS_V2.0/EXTI/EXTI.c:120:6:EXTI0_IRQHandler	8	static
../Core/DRIVERS_V2.0/EXTI/EXTI.c:130:6:EXTI1_IRQHandler	8	static
../Core/DRIVERS_V2.0/EXTI/EXTI.c:142:6:EXTI2_IRQHandler	8	static
../Core/DRIVERS_V2.0/EXTI/EXTI.c:153:6:EXTI3_IRQHandler	8	static
../Core/DRIVERS_V2.0/EXTI/EXTI.c:164:6:EXTI4_IRQHandler	8	static
../Core/DRIVERS_V2.0/EXTI/EXTI.c:175:6:EXTI9_5_IRQHandler	8	static
../Core/DRIVERS_V2.0/EXTI/EXTI.c:220:6:EXTI15_10_IRQHandler	8	static
